<html>
<body>
<pre>
<h1>µVision Build Log</h1>
<h2>Tool Versions:</h2>
IDE-Version: ¦ÌVision V5.38.0.0
Copyright (C) 2022 ARM Ltd and ARM Germany GmbH. All rights reserved.
License Information: 2qdw zhangyida, ehd, LIC=GMZI6-DHMGP-8TV3P-MK5BJ-WZZP8-JQWFD
 
Tool Versions:
Toolchain:       MDK-ARM Plus  Version: 5.38.0.0
Toolchain Path:  C:\_zhangyidaFiles\C03_Applications\Keil_v5\APPFiles\ARM\ARMCC\Bin
C Compiler:      Armcc.exe V5.06 update 7 (build 960)
Assembler:       Armasm.exe V5.06 update 7 (build 960)
Linker/Locator:  ArmLink.exe V5.06 update 7 (build 960)
Library Manager: ArmAr.exe V5.06 update 7 (build 960)
Hex Converter:   FromElf.exe V5.06 update 7 (build 960)
CPU DLL:         SARMCM3.DLL V5.38.0.0
Dialog DLL:      DCM.DLL V1.17.5.0
Target DLL:      STLink\ST-LINKIII-KEIL_SWO.dll V3.1.0.0
Dialog DLL:      TCM.DLL V1.56.4.0
 
<h2>Project:</h2>
C:\Users\zhangyida\Desktop\LVGL\WeGui_OLED-main\STM32F103\MDK-ARM\Project.uvprojx
Project File Date:  08/03/2025

<h2>Output:</h2>
*** Using Compiler 'V5.06 update 7 (build 960)', folder: 'C:\_zhangyidaFiles\C03_Applications\Keil_v5\APPFiles\ARM\ARMCC\Bin'
Rebuild target 'WeGui_OLED'
assembling startup_stm32f10x_md.s...
compiling misc.c...
compiling core_cm3.c...
compiling stm32f10x_crc.c...
compiling stm32f10x_bkp.c...
compiling stm32f10x_adc.c...
compiling stm32f10x_dac.c...
compiling stm32f10x_exti.c...
compiling stm32f10x_dbgmcu.c...
compiling stm32f10x_dma.c...
compiling stm32f10x_cec.c...
compiling stm32f10x_can.c...
compiling stm32f10x_flash.c...
compiling stm32f10x_fsmc.c...
compiling stm32f10x_gpio.c...
compiling stm32f10x_iwdg.c...
compiling stm32f10x_pwr.c...
compiling stm32f10x_i2c.c...
compiling stm32f10x_rtc.c...
compiling stm32f10x_rcc.c...
compiling stm32f10x_sdio.c...
compiling stm32f10x_spi.c...
compiling stm32f10x_wwdg.c...
compiling stm32f10x_usart.c...
compiling main.c...
compiling stm32f10x_it.c...
compiling stm32f10x_tim.c...
compiling system_stm32f10x.c...
compiling stm32f103_lcd_dma_4spi_port.c...
compiling stm32f103_lcd_hard_4spi_port.c...
compiling lcd_res.c...
compiling stm32f103_lcd_hard_iic_port.c...
compiling stm32f103_lcd_soft_4spi_port.c...
compiling stm32f103_lcd_soft_3spi_port.c...
compiling stm32f103_lcd_soft_iic_port.c...
compiling stm32f103_wegui_4key_port.c...
compiling stm32f103_wegui_6key_port.c...
compiling sh1106.c...
compiling sh1107.c...
compiling stm32f103_wegui_uart_port.c...
compiling sh1108.c...
compiling lcd_driver.c...
compiling sh1115.c...
compiling ssd1306.c...
compiling ssd1309.c...
compiling ssd1312.c...
compiling ssd1315.c...
compiling ssd1327.c...
compiling st7735.c...
compiling lcd_wegui_menu_app.c...
compiling st7789vw.c...
compiling st7796s.c...
compiling lcd_wegui_driver.c...
compiling user_wegui_menu.c...
compiling lcd_wegui_menu_mlist.c...
compiling lcd_wegui_tip.c...
linking...
Program Size: Code=14402 RO-data=4882 RW-data=2032 ZI-data=3856  
".\Objects\Project.axf" - 0 Error(s), 0 Warning(s).

<h2>Software Packages used:</h2>

Package Vendor: Keil
                https://www.keil.com/pack/Keil.STM32F1xx_DFP.2.4.1.pack
                Keil.STM32F1xx_DFP.2.4.1
                STMicroelectronics STM32F1 Series Device Support, Drivers and Examples

<h2>Collection of Component include folders:</h2>
  C:/_zhangyidaFiles/C03_Applications/Keil_v5/Arm/Packs/Keil/STM32F1xx_DFP/2.4.1/Device/Include

<h2>Collection of Component Files used:</h2>
Build Time Elapsed:  00:00:03
</pre>
</body>
</html>
