Component: ARM Compiler 5.06 update 7 (build 960) Tool: armlink [4d3601]

==============================================================================

Section Cross References

    startup_stm32f10x_md.o(RESET) refers to startup_stm32f10x_md.o(STACK) for __initial_sp
    startup_stm32f10x_md.o(RESET) refers to startup_stm32f10x_md.o(.text) for Reset_Handler
    startup_stm32f10x_md.o(RESET) refers to stm32f10x_it.o(i.NMI_Handler) for NMI_Handler
    startup_stm32f10x_md.o(RESET) refers to stm32f10x_it.o(i.HardFault_Handler) for HardFault_Handler
    startup_stm32f10x_md.o(RESET) refers to stm32f10x_it.o(i.MemManage_Handler) for MemManage_Handler
    startup_stm32f10x_md.o(RESET) refers to stm32f10x_it.o(i.BusFault_Handler) for BusFault_Handler
    startup_stm32f10x_md.o(RESET) refers to stm32f10x_it.o(i.UsageFault_Handler) for UsageFault_Handler
    startup_stm32f10x_md.o(RESET) refers to stm32f10x_it.o(i.SVC_Handler) for SVC_Handler
    startup_stm32f10x_md.o(RESET) refers to stm32f10x_it.o(i.DebugMon_Handler) for DebugMon_Handler
    startup_stm32f10x_md.o(RESET) refers to stm32f10x_it.o(i.PendSV_Handler) for PendSV_Handler
    startup_stm32f10x_md.o(RESET) refers to stm32f10x_it.o(i.SysTick_Handler) for SysTick_Handler
    startup_stm32f10x_md.o(RESET) refers to stm32f103_wegui_uart_port.o(i.USART2_IRQHandler) for USART2_IRQHandler
    startup_stm32f10x_md.o(.text) refers to system_stm32f10x.o(i.SystemInit) for SystemInit
    startup_stm32f10x_md.o(.text) refers to entry.o(.ARM.Collect$$$$00000000) for __main
    stm32f10x_adc.o(i.ADC_DeInit) refers to stm32f10x_rcc.o(i.RCC_APB2PeriphResetCmd) for RCC_APB2PeriphResetCmd
    stm32f10x_bkp.o(i.BKP_DeInit) refers to stm32f10x_rcc.o(i.RCC_BackupResetCmd) for RCC_BackupResetCmd
    stm32f10x_can.o(i.CAN_DeInit) refers to stm32f10x_rcc.o(i.RCC_APB1PeriphResetCmd) for RCC_APB1PeriphResetCmd
    stm32f10x_can.o(i.CAN_GetITStatus) refers to stm32f10x_can.o(i.CheckITStatus) for CheckITStatus
    stm32f10x_cec.o(i.CEC_DeInit) refers to stm32f10x_rcc.o(i.RCC_APB1PeriphResetCmd) for RCC_APB1PeriphResetCmd
    stm32f10x_dac.o(i.DAC_DeInit) refers to stm32f10x_rcc.o(i.RCC_APB1PeriphResetCmd) for RCC_APB1PeriphResetCmd
    stm32f10x_flash.o(i.FLASH_EnableWriteProtection) refers to stm32f10x_flash.o(i.FLASH_WaitForLastOperation) for FLASH_WaitForLastOperation
    stm32f10x_flash.o(i.FLASH_EraseAllBank1Pages) refers to stm32f10x_flash.o(i.FLASH_WaitForLastBank1Operation) for FLASH_WaitForLastBank1Operation
    stm32f10x_flash.o(i.FLASH_EraseAllPages) refers to stm32f10x_flash.o(i.FLASH_WaitForLastOperation) for FLASH_WaitForLastOperation
    stm32f10x_flash.o(i.FLASH_EraseOptionBytes) refers to stm32f10x_flash.o(i.FLASH_GetReadOutProtectionStatus) for FLASH_GetReadOutProtectionStatus
    stm32f10x_flash.o(i.FLASH_EraseOptionBytes) refers to stm32f10x_flash.o(i.FLASH_WaitForLastOperation) for FLASH_WaitForLastOperation
    stm32f10x_flash.o(i.FLASH_ErasePage) refers to stm32f10x_flash.o(i.FLASH_WaitForLastOperation) for FLASH_WaitForLastOperation
    stm32f10x_flash.o(i.FLASH_ProgramHalfWord) refers to stm32f10x_flash.o(i.FLASH_WaitForLastOperation) for FLASH_WaitForLastOperation
    stm32f10x_flash.o(i.FLASH_ProgramOptionByteData) refers to stm32f10x_flash.o(i.FLASH_WaitForLastOperation) for FLASH_WaitForLastOperation
    stm32f10x_flash.o(i.FLASH_ProgramWord) refers to stm32f10x_flash.o(i.FLASH_WaitForLastOperation) for FLASH_WaitForLastOperation
    stm32f10x_flash.o(i.FLASH_ReadOutProtection) refers to stm32f10x_flash.o(i.FLASH_WaitForLastOperation) for FLASH_WaitForLastOperation
    stm32f10x_flash.o(i.FLASH_UserOptionByteConfig) refers to stm32f10x_flash.o(i.FLASH_WaitForLastOperation) for FLASH_WaitForLastOperation
    stm32f10x_flash.o(i.FLASH_WaitForLastBank1Operation) refers to stm32f10x_flash.o(i.FLASH_GetBank1Status) for FLASH_GetBank1Status
    stm32f10x_flash.o(i.FLASH_WaitForLastOperation) refers to stm32f10x_flash.o(i.FLASH_GetBank1Status) for FLASH_GetBank1Status
    stm32f10x_gpio.o(i.GPIO_AFIODeInit) refers to stm32f10x_rcc.o(i.RCC_APB2PeriphResetCmd) for RCC_APB2PeriphResetCmd
    stm32f10x_gpio.o(i.GPIO_DeInit) refers to stm32f10x_rcc.o(i.RCC_APB2PeriphResetCmd) for RCC_APB2PeriphResetCmd
    stm32f10x_i2c.o(i.I2C_DeInit) refers to stm32f10x_rcc.o(i.RCC_APB1PeriphResetCmd) for RCC_APB1PeriphResetCmd
    stm32f10x_i2c.o(i.I2C_Init) refers to stm32f10x_rcc.o(i.RCC_GetClocksFreq) for RCC_GetClocksFreq
    stm32f10x_pwr.o(i.PWR_DeInit) refers to stm32f10x_rcc.o(i.RCC_APB1PeriphResetCmd) for RCC_APB1PeriphResetCmd
    stm32f10x_rcc.o(i.RCC_GetClocksFreq) refers to stm32f10x_rcc.o(.data) for .data
    stm32f10x_rcc.o(i.RCC_WaitForHSEStartUp) refers to stm32f10x_rcc.o(i.RCC_GetFlagStatus) for RCC_GetFlagStatus
    stm32f10x_rtc.o(i.RTC_SetAlarm) refers to stm32f10x_rtc.o(i.RTC_EnterConfigMode) for RTC_EnterConfigMode
    stm32f10x_rtc.o(i.RTC_SetAlarm) refers to stm32f10x_rtc.o(i.RTC_ExitConfigMode) for RTC_ExitConfigMode
[...]
    ..\Oled_Port\stm32f103_lcd_soft_4spi_port.c 0x00000000   Number         0  stm32f103_lcd_soft_4spi_port.o ABSOLUTE
    ..\Oled_Port\stm32f103_lcd_soft_iic_port.c 0x00000000   Number         0  stm32f103_lcd_soft_iic_port.o ABSOLUTE
    ..\Oled_Port\stm32f103_wegui_4key_port.c 0x00000000   Number         0  stm32f103_wegui_4key_port.o ABSOLUTE
    ..\Oled_Port\stm32f103_wegui_6key_port.c 0x00000000   Number         0  stm32f103_wegui_6key_port.o ABSOLUTE
    ..\Oled_Port\stm32f103_wegui_uart_port.c 0x00000000   Number         0  stm32f103_wegui_uart_port.o ABSOLUTE
    ..\\Libraries\\CMSIS\\CM3\\CoreSupport\\core_cm3.c 0x00000000   Number         0  core_cm3.o ABSOLUTE
    ..\main.c                                0x00000000   Number         0  main.o ABSOLUTE
    ..\stm32f10x_it.c                        0x00000000   Number         0  stm32f10x_it.o ABSOLUTE
    ..\system_stm32f10x.c                    0x00000000   Number         0  system_stm32f10x.o ABSOLUTE
    dc.s                                     0x00000000   Number         0  dc.o ABSOLUTE
    handlers.s                               0x00000000   Number         0  handlers.o ABSOLUTE
    init.s                                   0x00000000   Number         0  init.o ABSOLUTE
    RESET                                    0x08000000   Section      236  startup_stm32f10x_md.o(RESET)
    .ARM.Collect$$$$00000000                 0x080000ec   Section        0  entry.o(.ARM.Collect$$$$00000000)
    .ARM.Collect$$$$00000001                 0x080000ec   Section        4  entry2.o(.ARM.Collect$$$$00000001)
    .ARM.Collect$$$$00000004                 0x080000f0   Section        4  entry5.o(.ARM.Collect$$$$00000004)
    .ARM.Collect$$$$00000008                 0x080000f4   Section        0  entry7b.o(.ARM.Collect$$$$00000008)
    .ARM.Collect$$$$0000000A                 0x080000f4   Section        0  entry8b.o(.ARM.Collect$$$$0000000A)
    .ARM.Collect$$$$0000000B                 0x080000f4   Section        8  entry9a.o(.ARM.Collect$$$$0000000B)
    .ARM.Collect$$$$0000000E                 0x080000fc   Section        4  entry12b.o(.ARM.Collect$$$$0000000E)
    .ARM.Collect$$$$0000000F                 0x08000100   Section        0  entry10a.o(.ARM.Collect$$$$0000000F)
    .ARM.Collect$$$$00000011                 0x08000100   Section        0  entry11a.o(.ARM.Collect$$$$00000011)
    .ARM.Collect$$$$00002712                 0x08000100   Section        4  entry2.o(.ARM.Collect$$$$00002712)
    __lit__00000000                          0x08000100   Data           4  entry2.o(.ARM.Collect$$$$00002712)
    .text                                    0x08000104   Section       36  startup_stm32f10x_md.o(.text)
    .text                                    0x08000128   Section        0  memcpya.o(.text)
    .text                                    0x0800014c   Section       36  init.o(.text)
    .text                                    0x08000170   Section        0  __dczerorl2.o(.text)
    i.ADC_Cmd                                0x080001c6   Section        0  stm32f10x_adc.o(i.ADC_Cmd)
    i.ADC_GetCalibrationStatus               0x080001da   Section        0  stm32f10x_adc.o(i.ADC_GetCalibrationStatus)
    i.ADC_GetConversionValue                 0x080001e8   Section        0  stm32f10x_adc.o(i.ADC_GetConversionValue)
    i.ADC_GetResetCalibrationStatus          0x080001ee   Section        0  stm32f10x_adc.o(i.ADC_GetResetCalibrationStatus)
    i.ADC_Init                               0x080001fc   Section        0  stm32f10x_adc.o(i.ADC_Init)
    i.ADC_RegularChannelConfig               0x08000244   Section        0  stm32f10x_adc.o(i.ADC_RegularChannelConfig)
    i.ADC_ResetCalibration                   0x080002b8   Section        0  stm32f10x_adc.o(i.ADC_ResetCalibration)
    i.ADC_SoftwareStartConvCmd               0x080002c2   Section        0  stm32f10x_adc.o(i.ADC_SoftwareStartConvCmd)
    i.ADC_StartCalibration                   0x080002d6   Section        0  stm32f10x_adc.o(i.ADC_StartCalibration)
    i.BusFault_Handler                       0x080002e0   Section        0  stm32f10x_it.o(i.BusFault_Handler)
    i.DebugMon_Handler                       0x080002e2   Section        0  stm32f10x_it.o(i.DebugMon_Handler)
    i.GPIO_Init                              0x080002e4   Section        0  stm32f10x_gpio.o(i.GPIO_Init)
    i.GPIO_PinRemapConfig                    0x08000388   Section        0  stm32f10x_gpio.o(i.GPIO_PinRemapConfig)
    i.GPIO_ReadInputDataBit                  0x080003e0   Section        0  stm32f10x_gpio.o(i.GPIO_ReadInputDataBit)
    i.GPIO_ReadOutputDataBit                 0x080003ee   Section        0  stm32f10x_gpio.o(i.GPIO_ReadOutputDataBit)
    i.GPIO_ResetBits                         0x080003fc   Section        0  stm32f10x_gpio.o(i.GPIO_ResetBits)
    i.GPIO_SetBits                           0x08000400   Section        0  stm32f10x_gpio.o(i.GPIO_SetBits)
    i.Get_rxRing_len                         0x08000404   Section        0  stm32f103_wegui_uart_port.o(i.Get_rxRing_len)
    i.Get_submenu_sum                        0x08000410   Section        0  lcd_wegui_driver.o(i.Get_submenu_sum)
    i.HardFault_Handler                      0x0800042e   Section        0  stm32f10x_it.o(i.HardFault_Handler)
    i.Key_par_Init                           0x08000430   Section        0  stm32f103_wegui_4key_port.o(i.Key_par_Init)
    i.Keysw_det                              0x0800043a   Section        0  stm32f103_wegui_4key_port.o(i.Keysw_det)
    i.LCD_Port_Init                          0x080004d4   Section        0  stm32f103_lcd_hard_4spi_port.o(i.LCD_Port_Init)
    i.LCD_Refresh                            0x08000650   Section        0  stm32f103_lcd_hard_4spi_port.o(i.LCD_Refresh)
    i.LCD_Send_1Dat                          0x0800075c   Section        0  stm32f103_lcd_hard_4spi_port.o(i.LCD_Send_1Dat)
    i.LCD_Send_nCmd                          0x08000794   Section        0  stm32f103_lcd_hard_4spi_port.o(i.LCD_Send_nCmd)
    i.LCD_delay_ms                           0x08000800   Section        0  stm32f103_lcd_hard_4spi_port.o(i.LCD_delay_ms)
    i.LED_Func                               0x08000828   Section        0  main.o(i.LED_Func)
    i.MemManage_Handler                      0x08000854   Section        0  stm32f10x_it.o(i.MemManage_Handler)
    i.NMI_Handler                            0x08000856   Section        0  stm32f10x_it.o(i.NMI_Handler)
    i.NVIC_Init                              0x08000858   Section        0  misc.o(i.NVIC_Init)
    i.OLED_Clear_Box                         0x080008bc   Section        0  lcd_driver.o(i.OLED_Clear_Box)
    i.OLED_Clear_GRAM                        0x080009e8   Section        0  lcd_driver.o(i.OLED_Clear_GRAM)
    i.OLED_Draw_Ascii                        0x08000a0c   Section        0  lcd_driver.o(i.OLED_Draw_Ascii)
    i.OLED_Draw_Bitmap                       0x08000a34   Section        0  lcd_driver.o(i.OLED_Draw_Bitmap)
    i.OLED_Draw_Box                          0x08000a86   Section        0  lcd_driver.o(i.OLED_Draw_Box)
    i.OLED_Draw_Circel_part                  0x08000abc   Section        0  lcd_driver.o(i.OLED_Draw_Circel_part)
    i.OLED_Draw_HLine                        0x08000c5c   Section        0  lcd_driver.o(i.OLED_Draw_HLine)
    OLED_Draw_HLine                          0x08000c5d   Thumb Code    90  lcd_driver.o(i.OLED_Draw_HLine)
    i.OLED_Draw_Line                         0x08000cbc   Section        0  lcd_driver.o(i.OLED_Draw_Line)
    i.OLED_Draw_One_Byte                     0x08000d84   Section        0  lcd_driver.o(i.OLED_Draw_One_Byte)
    OLED_Draw_One_Byte                       0x08000d85   Thumb Code   144  lcd_driver.o(i.OLED_Draw_One_Byte)
    i.OLED_Draw_Pixl                         0x08000e18   Section        0  lcd_driver.o(i.OLED_Draw_Pixl)
    i.OLED_Draw_RBox                         0x08000e20   Section        0  lcd_driver.o(i.OLED_Draw_RBox)
    i.OLED_Draw_UTF8_String                  0x08000f38   Section        0  lcd_driver.o(i.OLED_Draw_UTF8_String)
    i.OLED_Draw_Unicode                      0x08000ff0   Section        0  lcd_driver.o(i.OLED_Draw_Unicode)
    i.OLED_Draw_VLine                        0x0800103c   Section        0  lcd_driver.o(i.OLED_Draw_VLine)
    OLED_Draw_VLine                          0x0800103d   Thumb Code   178  lcd_driver.o(i.OLED_Draw_VLine)
    i.OLED_Fill_Box                          0x080010f8   Section        0  lcd_driver.o(i.OLED_Fill_Box)
    i.OLED_Fill_Circel_part                  0x08001220   Section        0  lcd_driver.o(i.OLED_Fill_Circel_part)
    i.OLED_Fill_RBox                         0x08001404   Section        0  lcd_driver.o(i.OLED_Fill_RBox)
    i.OLED_Fill_value_GRAM                   0x08001510   Section        0  lcd_driver.o(i.OLED_Fill_value_GRAM)
    i.OLED_Get_UTF8_XLen                     0x08001534   Section        0  lcd_driver.o(i.OLED_Get_UTF8_XLen)
    i.OLED_Get_UTF8_YLine                    0x080015c0   Section        0  lcd_driver.o(i.OLED_Get_UTF8_YLine)
    i.OLED_Set_Driver_Box                    0x08001608   Section        0  lcd_driver.o(i.OLED_Set_Driver_Box)
    i.OLED_Set_Driver_Mode                   0x08001670   Section        0  lcd_driver.o(i.OLED_Set_Driver_Mode)
    i.OLED_Wegui_Init                        0x080016dc   Section        0  lcd_wegui_driver.o(i.OLED_Wegui_Init)
    i.PendSV_Handler                         0x08001724   Section        0  stm32f10x_it.o(i.PendSV_Handler)
    i.RCC_ADCCLKConfig                       0x08001728   Section        0  stm32f10x_rcc.o(i.RCC_ADCCLKConfig)
    i.RCC_AHBPeriphClockCmd                  0x0800173c   Section        0  stm32f10x_rcc.o(i.RCC_AHBPeriphClockCmd)
    i.RCC_APB1PeriphClockCmd                 0x08001754   Section        0  stm32f10x_rcc.o(i.RCC_APB1PeriphClockCmd)
    i.RCC_APB2PeriphClockCmd                 0x0800176c   Section        0  stm32f10x_rcc.o(i.RCC_APB2PeriphClockCmd)
    i.RCC_GetClocksFreq                      0x08001784   Section        0  stm32f10x_rcc.o(i.RCC_GetClocksFreq)
    i.RCC_PCLK2Config                        0x08001814   Section        0  stm32f10x_rcc.o(i.RCC_PCLK2Config)
    i.Read_rxRing_buff                       0x08001828   Section        0  stm32f103_wegui_uart_port.o(i.Read_rxRing_buff)
    i.Reflash_CpuLoad                        0x0800184c   Section        0  lcd_wegui_driver.o(i.Reflash_CpuLoad)
    Reflash_CpuLoad                          0x0800184d   Thumb Code    74  lcd_wegui_driver.o(i.Reflash_CpuLoad)
    i.Reflash_fps                            0x080018a0   Section        0  lcd_wegui_driver.o(i.Reflash_fps)
    Reflash_fps                              0x080018a1   Thumb Code    60  lcd_wegui_driver.o(i.Reflash_fps)
    i.SPI_Cmd                                0x080018e4   Section        0  stm32f10x_spi.o(i.SPI_Cmd)
    i.SPI_Init                               0x080018f8   Section        0  stm32f10x_spi.o(i.SPI_Init)
    i.ST7735_Clear                           0x08001930   Section        0  st7735.o(i.ST7735_Clear)
    i.ST7735_Init                            0x08001960   Section        0  st7735.o(i.ST7735_Init)
    i.ST7735_Set_Addr                        0x08001b08   Section        0  st7735.o(i.ST7735_Set_Addr)
    i.ST7735_Set_RGB565_Mode                 0x08001b80   Section        0  st7735.o(i.ST7735_Set_RGB565_Mode)
    i.ST7735_Sleep_Out                       0x08001b98   Section        0  st7735.o(i.ST7735_Sleep_Out)
    i.ST7735_Soft_Reset                      0x08001bb0   Section        0  st7735.o(i.ST7735_Soft_Reset)
    i.SVC_Handler                            0x08001bc8   Section        0  stm32f10x_it.o(i.SVC_Handler)
    i.SetSysClockTo72                        0x08001bcc   Section        0  system_stm32f10x.o(i.SetSysClockTo72)
    SetSysClockTo72                          0x08001bcd   Thumb Code   160  system_stm32f10x.o(i.SetSysClockTo72)
    i.Set_SPI_DataSize_8b                    0x08001c74   Section        0  stm32f103_lcd_hard_4spi_port.o(i.Set_SPI_DataSize_8b)
    Set_SPI_DataSize_8b                      0x08001c75   Thumb Code    12  stm32f103_lcd_hard_4spi_port.o(i.Set_SPI_DataSize_8b)
    i.Set_langauge_Chinese                   0x08001c84   Section        0  lcd_wegui_menu_app.o(i.Set_langauge_Chinese)
    i.Set_langauge_English                   0x08001c94   Section        0  lcd_wegui_menu_app.o(i.Set_langauge_English)
    i.SysTick_Handler                        0x08001ca4   Section        0  stm32f10x_it.o(i.SysTick_Handler)
    i.SystemInit                             0x08001cc4   Section        0  system_stm32f10x.o(i.SystemInit)
    i.USART2_IRQHandler                      0x08001d14   Section        0  stm32f103_wegui_uart_port.o(i.USART2_IRQHandler)
    i.USART_Cmd                              0x08001da4   Section        0  stm32f10x_usart.o(i.USART_Cmd)
    i.USART_GetFlagStatus                    0x08001db8   Section        0  stm32f10x_usart.o(i.USART_GetFlagStatus)
    i.USART_GetITStatus                      0x08001dc6   Section        0  stm32f10x_usart.o(i.USART_GetITStatus)
    i.USART_ITConfig                         0x08001e04   Section        0  stm32f10x_usart.o(i.USART_ITConfig)
    i.USART_Init                             0x08001e34   Section        0  stm32f10x_usart.o(i.USART_Init)
    i.USART_ReceiveData                      0x08001ee0   Section        0  stm32f10x_usart.o(i.USART_ReceiveData)
    i.USART_SendData                         0x08001ee8   Section        0  stm32f10x_usart.o(i.USART_SendData)
    i.Uart_Screen_App_Begin                  0x08001ef0   Section        0  lcd_wegui_menu_app.o(i.Uart_Screen_App_Begin)
    i.Uart_Screen_App_Loop                   0x08001f1c   Section        0  lcd_wegui_menu_app.o(i.Uart_Screen_App_Loop)
    i.Uart_Screen_App_Quit                   0x08001f1e   Section        0  lcd_wegui_menu_app.o(i.Uart_Screen_App_Quit)
    i.Uart_Screen_Refresh                    0x08001f20   Section        0  lcd_wegui_menu_app.o(i.Uart_Screen_Refresh)
    i.UsageFault_Handler                     0x08001f22   Section        0  stm32f10x_it.o(i.UsageFault_Handler)
    i.Wegui_1ms_stick                        0x08001f24   Section        0  lcd_wegui_driver.o(i.Wegui_1ms_stick)
    i.Wegui_4key_port_Init                   0x08001f3c   Section        0  stm32f103_wegui_4key_port.o(i.Wegui_4key_port_Init)
    i.Wegui_Hello_Word                       0x08001fe8   Section        0  lcd_wegui_driver.o(i.Wegui_Hello_Word)
    i.Wegui_Interface_stick                  0x08002014   Section        0  stm32f103_wegui_4key_port.o(i.Wegui_Interface_stick)
    i.Wegui_Key_Down                         0x08002038   Section        0  stm32f103_wegui_4key_port.o(i.Wegui_Key_Down)
    Wegui_Key_Down                           0x08002039   Thumb Code   120  stm32f103_wegui_4key_port.o(i.Wegui_Key_Down)
    i.Wegui_Key_Left                         0x080020c0   Section        0  stm32f103_wegui_4key_port.o(i.Wegui_Key_Left)
    Wegui_Key_Left                           0x080020c1   Thumb Code   122  stm32f103_wegui_4key_port.o(i.Wegui_Key_Left)
    i.Wegui_Key_Right                        0x0800214c   Section        0  stm32f103_wegui_4key_port.o(i.Wegui_Key_Right)
    Wegui_Key_Right                          0x0800214d   Thumb Code   134  stm32f103_wegui_4key_port.o(i.Wegui_Key_Right)
    i.Wegui_Key_Up                           0x080021e4   Section        0  stm32f103_wegui_4key_port.o(i.Wegui_Key_Up)
    Wegui_Key_Up                             0x080021e5   Thumb Code   132  stm32f103_wegui_4key_port.o(i.Wegui_Key_Up)
    i.Wegui_Push_Message_tip                 0x08002278   Section        0  lcd_wegui_tip.o(i.Wegui_Push_Message_tip)
    i.Wegui_Push_Slider_tip                  0x080022f4   Section        0  lcd_wegui_tip.o(i.Wegui_Push_Slider_tip)
    i.Wegui_Tip_Quit                         0x08002394   Section        0  lcd_wegui_tip.o(i.Wegui_Tip_Quit)
    i.Wegui_Tip_Save_andQuit                 0x080023a8   Section        0  lcd_wegui_tip.o(i.Wegui_Tip_Save_andQuit)
    i.Wegui_Tip_Value_Add                    0x080023d8   Section        0  lcd_wegui_tip.o(i.Wegui_Tip_Value_Add)
    i.Wegui_Tip_Value_Dec                    0x08002410   Section        0  lcd_wegui_tip.o(i.Wegui_Tip_Value_Dec)
    i.Wegui_UartSend_1Dat                    0x08002448   Section        0  stm32f103_wegui_uart_port.o(i.Wegui_UartSend_1Dat)
    i.Wegui_UartSend_nDat                    0x0800246c   Section        0  stm32f103_wegui_uart_port.o(i.Wegui_UartSend_nDat)
    i.Wegui_Uart_Port_Init                   0x08002488   Section        0  stm32f103_wegui_uart_port.o(i.Wegui_Uart_Port_Init)
    i.Wegui_enter_menu                       0x08002544   Section        0  lcd_wegui_driver.o(i.Wegui_enter_menu)
    i.Wegui_get_string                       0x08002610   Section        0  lcd_wegui_driver.o(i.Wegui_get_string)
    i.Wegui_loop_func                        0x08002618   Section        0  lcd_wegui_driver.o(i.Wegui_loop_func)
    i.Wegui_mList_Init                       0x08002708   Section        0  lcd_wegui_menu_mlist.o(i.Wegui_mList_Init)
    i.Wegui_mlist_Back_menu                  0x08002754   Section        0  lcd_wegui_menu_mlist.o(i.Wegui_mlist_Back_menu)
    i.Wegui_mlist_Enter_cursor               0x08002780   Section        0  lcd_wegui_menu_mlist.o(i.Wegui_mlist_Enter_cursor)
    i.Wegui_mlist_cursor_Next                0x08002810   Section        0  lcd_wegui_menu_mlist.o(i.Wegui_mlist_cursor_Next)
    i.Wegui_mlist_cursor_Prev                0x08002830   Section        0  lcd_wegui_menu_mlist.o(i.Wegui_mlist_cursor_Prev)
    i.Wegui_show_mList                       0x08002844   Section        0  lcd_wegui_menu_mlist.o(i.Wegui_show_mList)
    i.Wegui_show_tip                         0x08002d10   Section        0  lcd_wegui_tip.o(i.Wegui_show_tip)
    i.Wegui_uart_rx_default_func             0x08002fb8   Section        0  stm32f103_wegui_uart_port.o(i.Wegui_uart_rx_default_func)
    Wegui_uart_rx_default_func               0x08002fb9   Thumb Code   808  stm32f103_wegui_uart_port.o(i.Wegui_uart_rx_default_func)
    i.Wegui_uart_rx_stick                    0x08003380   Section        0  stm32f103_wegui_uart_port.o(i.Wegui_uart_rx_stick)
    i.Wegui_update_info                      0x080033cc   Section        0  lcd_wegui_driver.o(i.Wegui_update_info)
    Wegui_update_info                        0x080033cd   Thumb Code   248  lcd_wegui_driver.o(i.Wegui_update_info)
    i.Write_rxRing                           0x080034d0   Section        0  stm32f103_wegui_uart_port.o(i.Write_rxRing)
    i.__scatterload_copy                     0x080034fc   Section       14  handlers.o(i.__scatterload_copy)
    i.__scatterload_null                     0x0800350a   Section        2  handlers.o(i.__scatterload_null)
    i.__scatterload_zeroinit                 0x0800350c   Section       14  handlers.o(i.__scatterload_zeroinit)
    i.itoa                                   0x0800351c   Section        0  lcd_wegui_driver.o(i.itoa)
    i.lcd_driver_Init                        0x080035b4   Section        0  lcd_driver.o(i.lcd_driver_Init)
    i.lcd_driver_Write_0                     0x08003600   Section        0  lcd_driver.o(i.lcd_driver_Write_0)
    lcd_driver_Write_0                       0x08003601   Thumb Code    14  lcd_driver.o(i.lcd_driver_Write_0)
    i.lcd_driver_Write_0_inBox               0x08003614   Section        0  lcd_driver.o(i.lcd_driver_Write_0_inBox)
    lcd_driver_Write_0_inBox                 0x08003615   Thumb Code    68  lcd_driver.o(i.lcd_driver_Write_0_inBox)
    i.lcd_driver_Write_1                     0x0800365c   Section        0  lcd_driver.o(i.lcd_driver_Write_1)
    lcd_driver_Write_1                       0x0800365d   Thumb Code    14  lcd_driver.o(i.lcd_driver_Write_1)
    i.lcd_driver_Write_1_inBox               0x08003670   Section        0  lcd_driver.o(i.lcd_driver_Write_1_inBox)
    lcd_driver_Write_1_inBox                 0x08003671   Thumb Code    72  lcd_driver.o(i.lcd_driver_Write_1_inBox)
    i.lcd_driver_Write_inv                   0x080036bc   Section        0  lcd_driver.o(i.lcd_driver_Write_inv)
    lcd_driver_Write_inv                     0x080036bd   Thumb Code    14  lcd_driver.o(i.lcd_driver_Write_inv)
    i.lcd_driver_Write_inv_inBox             0x080036d0   Section        0  lcd_driver.o(i.lcd_driver_Write_inv_inBox)
    lcd_driver_Write_inv_inBox               0x080036d1   Thumb Code    72  lcd_driver.o(i.lcd_driver_Write_inv_inBox)
    i.m_wDemo_wMessage_ADC_func              0x0800371c   Section        0  lcd_wegui_menu_app.o(i.m_wDemo_wMessage_ADC_func)
    i.m_wDemo_wMessage_Pres2_func            0x08003740   Section        0  lcd_wegui_menu_app.o(i.m_wDemo_wMessage_Pres2_func)
    i.m_wDemo_wMessage_Pres_func             0x0800378c   Section        0  lcd_wegui_menu_app.o(i.m_wDemo_wMessage_Pres_func)
    i.main                                   0x080037b0   Section        0  main.o(i.main)
    i.rxRing_par_Init                        0x08003800   Section        0  stm32f103_wegui_uart_port.o(i.rxRing_par_Init)
    i.startup_init                           0x08003810   Section        0  main.o(i.startup_init)
    i.update_Wegui_screen_brightness         0x0800392c   Section        0  lcd_wegui_menu_app.o(i.update_Wegui_screen_brightness)
    .constdata                               0x0800392e   Section        9  lcd_driver.o(.constdata)
    cal_1                                    0x0800392e   Data           9  lcd_driver.o(.constdata)
    .constdata                               0x08003938   Section       12  lcd_res.o(.constdata)
    .constdata                               0x08003944   Section       12  lcd_res.o(.constdata)
    .constdata                               0x08003950   Section       40  lcd_wegui_menu_app.o(.constdata)
    .conststring                             0x08003978   Section       71  lcd_wegui_menu_app.o(.conststring)
    .conststring                             0x080039c0   Section       21  user_wegui_menu.o(.conststring)
    .conststring                             0x080039d8   Section       35  user_wegui_menu.o(.conststring)
    .conststring                             0x080039fc   Section       53  user_wegui_menu.o(.conststring)
    .conststring                             0x08003a34   Section       58  user_wegui_menu.o(.conststring)
    .conststring                             0x08003a70   Section       62  user_wegui_menu.o(.conststring)
    .conststring                             0x08003ab0   Section       60  user_wegui_menu.o(.conststring)
    .conststring                             0x08003aec   Section       39  user_wegui_menu.o(.conststring)
    .conststring                             0x08003b14   Section       50  user_wegui_menu.o(.conststring)
    .conststring                             0x08003b48   Section       36  user_wegui_menu.o(.conststring)
    .conststring                             0x08003b6c   Section       36  user_wegui_menu.o(.conststring)
    .conststring                             0x08003b90   Section       41  user_wegui_menu.o(.conststring)
    .conststring                             0x08003bbc   Section       41  user_wegui_menu.o(.conststring)
    .conststring                             0x08003be8   Section       41  user_wegui_menu.o(.conststring)
    .conststring                             0x08003c14   Section       41  user_wegui_menu.o(.conststring)
    .conststring                             0x08003c40   Section       77  user_wegui_menu.o(.conststring)
    .conststring                             0x08003c90   Section       10  user_wegui_menu.o(.conststring)
    .conststring                             0x08003c9c   Section       54  user_wegui_menu.o(.conststring)
    .conststring                             0x08003cd4   Section       24  user_wegui_menu.o(.conststring)
    .conststring                             0x08003cec   Section       16  user_wegui_menu.o(.conststring)
    .conststring                             0x08003cfc   Section       37  user_wegui_menu.o(.conststring)
    .conststring                             0x08003d24   Section       39  user_wegui_menu.o(.conststring)
    .conststring                             0x08003d4c   Section       47  user_wegui_menu.o(.conststring)
    .conststring                             0x08003d7c   Section       39  user_wegui_menu.o(.conststring)
    .conststring                             0x08003da4   Section       46  user_wegui_menu.o(.conststring)
    .conststring                             0x08003dd4   Section       57  user_wegui_menu.o(.conststring)
    .conststring                             0x08003e10   Section       60  user_wegui_menu.o(.conststring)
    .conststring                             0x08003e4c   Section       35  user_wegui_menu.o(.conststring)
    .conststring                             0x08003e70   Section       42  user_wegui_menu.o(.conststring)
    .conststring                             0x08003e9c   Section       53  user_wegui_menu.o(.conststring)
    .conststring                             0x08003ed4   Section       42  user_wegui_menu.o(.conststring)
    .conststring                             0x08003f00   Section       67  user_wegui_menu.o(.conststring)
    .conststring                             0x08003f44   Section       54  user_wegui_menu.o(.conststring)
    .conststring                             0x08003f7c   Section       53  user_wegui_menu.o(.conststring)
    .conststrlit                             0x08003fb4   Section     1141  lcd_res.o(.conststrlit)
    .conststrlit                             0x0800442c   Section     1797  lcd_res.o(.conststrlit)
    .data                                    0x20000000   Section       20  stm32f10x_rcc.o(.data)
    ADCPrescTable                            0x20000000   Data           4  stm32f10x_rcc.o(.data)
    APBAHBPrescTable                         0x20000004   Data          16  stm32f10x_rcc.o(.data)
    .data                                    0x20000014   Section        4  main.o(.data)
    .data                                    0x20000018   Section        8  stm32f10x_it.o(.data)
    .data                                    0x20000020   Section       20  system_stm32f10x.o(.data)
    .data                                    0x20000034   Section       24  stm32f103_wegui_4key_port.o(.data)
    .data                                    0x2000004c   Section        8  stm32f103_wegui_uart_port.o(.data)
    deal_code                                0x2000004c   Data           1  stm32f103_wegui_uart_port.o(.data)
    len                                      0x20000050   Data           2  stm32f103_wegui_uart_port.o(.data)
    get_len                                  0x20000052   Data           2  stm32f103_wegui_uart_port.o(.data)
    .data                                    0x20000054   Section       22  lcd_wegui_driver.o(.data)
    sum_count                                0x20000054   Data           1  lcd_wegui_driver.o(.data)
    sum_count                                0x20000055   Data           1  lcd_wegui_driver.o(.data)
    ui_farmes                                0x20000056   Data           1  lcd_wegui_driver.o(.data)
    display_count                            0x2000005a   Data           2  lcd_wegui_driver.o(.data)
    sum                                      0x2000005c   Data           2  lcd_wegui_driver.o(.data)
    display_count                            0x2000005e   Data           2  lcd_wegui_driver.o(.data)
    sum                                      0x20000060   Data           2  lcd_wegui_driver.o(.data)
    ui_time_count                            0x20000062   Data           2  lcd_wegui_driver.o(.data)
    fps_time_count                           0x20000064   Data           2  lcd_wegui_driver.o(.data)
    time_count                               0x20000066   Data           2  lcd_wegui_driver.o(.data)
    i                                        0x20000068   Data           2  lcd_wegui_driver.o(.data)
    .data                                    0x2000006a   Section       15  lcd_wegui_menu_app.o(.data)
    num                                      0x2000006a   Data           1  lcd_wegui_menu_app.o(.data)
    string                                   0x2000006b   Data           7  lcd_wegui_menu_app.o(.data)
    string                                   0x20000072   Data           7  lcd_wegui_menu_app.o(.data)
    .data                                    0x2000007c   Section       56  user_wegui_menu.o(.data)
    .data                                    0x200000b4   Section       56  user_wegui_menu.o(.data)
    .data                                    0x200000ec   Section       56  user_wegui_menu.o(.data)
    .data                                    0x20000124   Section       56  user_wegui_menu.o(.data)
    .data                                    0x2000015c   Section       56  user_wegui_menu.o(.data)
    .data                                    0x20000194   Section       56  user_wegui_menu.o(.data)
    .data                                    0x200001cc   Section       56  user_wegui_menu.o(.data)
    .data                                    0x20000204   Section       56  user_wegui_menu.o(.data)
    .data                                    0x2000023c   Section       56  user_wegui_menu.o(.data)
    .data                                    0x20000274   Section       56  user_wegui_menu.o(.data)
    .data                                    0x200002ac   Section       56  user_wegui_menu.o(.data)
    .data                                    0x200002e4   Section       56  user_wegui_menu.o(.data)
    .data                                    0x2000031c   Section       56  user_wegui_menu.o(.data)
    .data                                    0x20000354   Section       56  user_wegui_menu.o(.data)
    .data                                    0x2000038c   Section       56  user_wegui_menu.o(.data)
    .data                                    0x200003c4   Section       56  user_wegui_menu.o(.data)
    .data                                    0x200003fc   Section       56  user_wegui_menu.o(.data)
    .data                                    0x20000434   Section       56  user_wegui_menu.o(.data)
    .data                                    0x2000046c   Section       56  user_wegui_menu.o(.data)
    .data                                    0x200004a4   Section        2  user_wegui_menu.o(.data)
    .data                                    0x200004a8   Section       56  user_wegui_menu.o(.data)
    .data                                    0x200004e0   Section       56  user_wegui_menu.o(.data)
    .data                                    0x20000518   Section       56  user_wegui_menu.o(.data)
    .data                                    0x20000550   Section       56  user_wegui_menu.o(.data)
    .data                                    0x20000588   Section       56  user_wegui_menu.o(.data)
    .data                                    0x200005c0   Section       56  user_wegui_menu.o(.data)
    .data                                    0x200005f8   Section       56  user_wegui_menu.o(.data)
    .data                                    0x20000630   Section       56  user_wegui_menu.o(.data)
    .data                                    0x20000668   Section       56  user_wegui_menu.o(.data)
    .data                                    0x200006a0   Section       56  user_wegui_menu.o(.data)
    .data                                    0x200006d8   Section       56  user_wegui_menu.o(.data)
    .data                                    0x20000710   Section       56  user_wegui_menu.o(.data)
    .data                                    0x20000748   Section       56  user_wegui_menu.o(.data)
    .data                                    0x20000780   Section       56  user_wegui_menu.o(.data)
    .data                                    0x200007b8   Section       56  user_wegui_menu.o(.data)
    .bss                                     0x200007f0   Section       80  stm32f103_lcd_hard_4spi_port.o(.bss)
    sum1                                     0x200007f0   Data          80  stm32f103_lcd_hard_4spi_port.o(.bss)
    .bss                                     0x20000840   Section       70  stm32f103_wegui_uart_port.o(.bss)
    .bss                                     0x20000888   Section     2592  lcd_driver.o(.bss)
    .bss                                     0x200012a8   Section       60  lcd_wegui_driver.o(.bss)
    .bss                                     0x200012e4   Section       24  lcd_wegui_menu_mlist.o(.bss)
    STACK                                    0x20001300   Section     1024  startup_stm32f10x_md.o(STACK)

    Global Symbols

    Symbol Name                              Value     Ov Type        Size  Object(Section)

    BuildAttributes$$THM_ISAv4$P$D$K$B$S$PE$A:L22UL41UL21$X:L11$S22US41US21$IEEE1$IW$USESV6$~STKCKD$USESV7$~SHL$OSPACE$EBA8$MICROLIB$REQ8$PRES8$EABIv2 0x00000000   Number         0  anon$$obj.o ABSOLUTE
    __ARM_use_no_argv                        0x00000000   Number         0  main.o ABSOLUTE
    __arm_fini_                               - Undefined Weak Reference
    __cpp_initialize__aeabi_                  - Undefined Weak Reference
    __cxa_finalize                            - Undefined Weak Reference
    _clock_init                               - Undefined Weak Reference
    _microlib_exit                            - Undefined Weak Reference
    __Vectors_Size                           0x000000ec   Number         0  startup_stm32f10x_md.o ABSOLUTE
    __Vectors                                0x08000000   Data           4  startup_stm32f10x_md.o(RESET)
    __Vectors_End                            0x080000ec   Data           0  startup_stm32f10x_md.o(RESET)
    __main                                   0x080000ed   Thumb Code     0  entry.o(.ARM.Collect$$$$00000000)
    _main_stk                                0x080000ed   Thumb Code     0  entry2.o(.ARM.Collect$$$$00000001)
    _main_scatterload                        0x080000f1   Thumb Code     0  entry5.o(.ARM.Collect$$$$00000004)
    __main_after_scatterload                 0x080000f5   Thumb Code     0  entry5.o(.ARM.Collect$$$$00000004)
    _main_clock                              0x080000f5   Thumb Code     0  entry7b.o(.ARM.Collect$$$$00000008)
    _main_cpp_init                           0x080000f5   Thumb Code     0  entry8b.o(.ARM.Collect$$$$0000000A)
    _main_init                               0x080000f5   Thumb Code     0  entry9a.o(.ARM.Collect$$$$0000000B)
    __rt_lib_shutdown_fini                   0x080000fd   Thumb Code     0  entry12b.o(.ARM.Collect$$$$0000000E)
    __rt_final_cpp                           0x08000101   Thumb Code     0  entry10a.o(.ARM.Collect$$$$0000000F)
    __rt_final_exit                          0x08000101   Thumb Code     0  entry11a.o(.ARM.Collect$$$$00000011)
    Reset_Handler                            0x08000105   Thumb Code     8  startup_stm32f10x_md.o(.text)
    ADC1_2_IRQHandler                        0x0800011f   Thumb Code     0  startup_stm32f10x_md.o(.text)
    CAN1_RX1_IRQHandler                      0x0800011f   Thumb Code     0  startup_stm32f10x_md.o(.text)
    CAN1_SCE_IRQHandler                      0x0800011f   Thumb Code     0  startup_stm32f10x_md.o(.text)
    DMA1_Channel1_IRQHandler                 0x0800011f   Thumb Code     0  startup_stm32f10x_md.o(.text)
    DMA1_Channel2_IRQHandler                 0x0800011f   Thumb Code     0  startup_stm32f10x_md.o(.text)
    DMA1_Channel3_IRQHandler                 0x0800011f   Thumb Code     0  startup_stm32f10x_md.o(.text)
    DMA1_Channel4_IRQHandler                 0x0800011f   Thumb Code     0  startup_stm32f10x_md.o(.text)
    DMA1_Channel5_IRQHandler                 0x0800011f   Thumb Code     0  startup_stm32f10x_md.o(.text)
    DMA1_Channel6_IRQHandler                 0x0800011f   Thumb Code     0  startup_stm32f10x_md.o(.text)
    DMA1_Channel7_IRQHandler                 0x0800011f   Thumb Code     0  startup_stm32f10x_md.o(.text)
    EXTI0_IRQHandler                         0x0800011f   Thumb Code     0  startup_stm32f10x_md.o(.text)
    EXTI15_10_IRQHandler                     0x0800011f   Thumb Code     0  startup_stm32f10x_md.o(.text)
    EXTI1_IRQHandler                         0x0800011f   Thumb Code     0  startup_stm32f10x_md.o(.text)
    EXTI2_IRQHandler                         0x0800011f   Thumb Code     0  startup_stm32f10x_md.o(.text)
    EXTI3_IRQHandler                         0x0800011f   Thumb Code     0  startup_stm32f10x_md.o(.text)
    EXTI4_IRQHandler                         0x0800011f   Thumb Code     0  startup_stm32f10x_md.o(.text)
    EXTI9_5_IRQHandler                       0x0800011f   Thumb Code     0  startup_stm32f10x_md.o(.text)
    FLASH_IRQHandler                         0x0800011f   Thumb Code     0  startup_stm32f10x_md.o(.text)
    I2C1_ER_IRQHandler                       0x0800011f   Thumb Code     0  startup_stm32f10x_md.o(.text)
    I2C1_EV_IRQHandler                       0x0800011f   Thumb Code     0  startup_stm32f10x_md.o(.text)
    I2C2_ER_IRQHandler                       0x0800011f   Thumb Code     0  startup_stm32f10x_md.o(.text)
    I2C2_EV_IRQHandler                       0x0800011f   Thumb Code     0  startup_stm32f10x_md.o(.text)
    PVD_IRQHandler                           0x0800011f   Thumb Code     0  startup_stm32f10x_md.o(.text)
    RCC_IRQHandler                           0x0800011f   Thumb Code     0  startup_stm32f10x_md.o(.text)
    RTCAlarm_IRQHandler                      0x0800011f   Thumb Code     0  startup_stm32f10x_md.o(.text)
    RTC_IRQHandler                           0x0800011f   Thumb Code     0  startup_stm32f10x_md.o(.text)
    SPI1_IRQHandler                          0x0800011f   Thumb Code     0  startup_stm32f10x_md.o(.text)
    SPI2_IRQHandler                          0x0800011f   Thumb Code     0  startup_stm32f10x_md.o(.text)
    TAMPER_IRQHandler                        0x0800011f   Thumb Code     0  startup_stm32f10x_md.o(.text)
    TIM1_BRK_IRQHandler                      0x0800011f   Thumb Code     0  startup_stm32f10x_md.o(.text)
    TIM1_CC_IRQHandler                       0x0800011f   Thumb Code     0  startup_stm32f10x_md.o(.text)
    TIM1_TRG_COM_IRQHandler                  0x0800011f   Thumb Code     0  startup_stm32f10x_md.o(.text)
    TIM1_UP_IRQHandler                       0x0800011f   Thumb Code     0  startup_stm32f10x_md.o(.text)
    TIM2_IRQHandler                          0x0800011f   Thumb Code     0  startup_stm32f10x_md.o(.text)
    TIM3_IRQHandler                          0x0800011f   Thumb Code     0  startup_stm32f10x_md.o(.text)
    TIM4_IRQHandler                          0x0800011f   Thumb Code     0  startup_stm32f10x_md.o(.text)
    USART1_IRQHandler                        0x0800011f   Thumb Code     0  startup_stm32f10x_md.o(.text)
    USART3_IRQHandler                        0x0800011f   Thumb Code     0  startup_stm32f10x_md.o(.text)
    USBWakeUp_IRQHandler                     0x0800011f   Thumb Code     0  startup_stm32f10x_md.o(.text)
    USB_HP_CAN1_TX_IRQHandler                0x0800011f   Thumb Code     0  startup_stm32f10x_md.o(.text)
    USB_LP_CAN1_RX0_IRQHandler               0x0800011f   Thumb Code     0  startup_stm32f10x_md.o(.text)
    WWDG_IRQHandler                          0x0800011f   Thumb Code     0  startup_stm32f10x_md.o(.text)
    __aeabi_memcpy                           0x08000129   Thumb Code    36  memcpya.o(.text)
    __aeabi_memcpy4                          0x08000129   Thumb Code     0  memcpya.o(.text)
    __aeabi_memcpy8                          0x08000129   Thumb Code     0  memcpya.o(.text)
    __scatterload                            0x0800014d   Thumb Code    28  init.o(.text)
    __scatterload_rt2                        0x0800014d   Thumb Code     0  init.o(.text)
    __decompress                             0x08000171   Thumb Code     0  __dczerorl2.o(.text)
    __decompress1                            0x08000171   Thumb Code    86  __dczerorl2.o(.text)
    ADC_Cmd                                  0x080001c7   Thumb Code    20  stm32f10x_adc.o(i.ADC_Cmd)
    ADC_GetCalibrationStatus                 0x080001db   Thumb Code    14  stm32f10x_adc.o(i.ADC_GetCalibrationStatus)
    ADC_GetConversionValue                   0x080001e9   Thumb Code     6  stm32f10x_adc.o(i.ADC_GetConversionValue)
    ADC_GetResetCalibrationStatus            0x080001ef   Thumb Code    14  stm32f10x_adc.o(i.ADC_GetResetCalibrationStatus)
    ADC_Init                                 0x080001fd   Thumb Code    62  stm32f10x_adc.o(i.ADC_Init)
    ADC_RegularChannelConfig                 0x08000245   Thumb Code   116  stm32f10x_adc.o(i.ADC_RegularChannelConfig)
    ADC_ResetCalibration                     0x080002b9   Thumb Code    10  stm32f10x_adc.o(i.ADC_ResetCalibration)
    ADC_SoftwareStartConvCmd                 0x080002c3   Thumb Code    20  stm32f10x_adc.o(i.ADC_SoftwareStartConvCmd)
    ADC_StartCalibration                     0x080002d7   Thumb Code    10  stm32f10x_adc.o(i.ADC_StartCalibration)
    BusFault_Handler                         0x080002e1   Thumb Code     2  stm32f10x_it.o(i.BusFault_Handler)
    DebugMon_Handler                         0x080002e3   Thumb Code     2  stm32f10x_it.o(i.DebugMon_Handler)
    GPIO_Init                                0x080002e5   Thumb Code   162  stm32f10x_gpio.o(i.GPIO_Init)
    GPIO_PinRemapConfig                      0x08000389   Thumb Code    82  stm32f10x_gpio.o(i.GPIO_PinRemapConfig)
    GPIO_ReadInputDataBit                    0x080003e1   Thumb Code    14  stm32f10x_gpio.o(i.GPIO_ReadInputDataBit)
    GPIO_ReadOutputDataBit                   0x080003ef   Thumb Code    14  stm32f10x_gpio.o(i.GPIO_ReadOutputDataBit)
    GPIO_ResetBits                           0x080003fd   Thumb Code     4  stm32f10x_gpio.o(i.GPIO_ResetBits)
    GPIO_SetBits                             0x08000401   Thumb Code     4  stm32f10x_gpio.o(i.GPIO_SetBits)
    Get_rxRing_len                           0x08000405   Thumb Code     6  stm32f103_wegui_uart_port.o(i.Get_rxRing_len)
    Get_submenu_sum                          0x08000411   Thumb Code    30  lcd_wegui_driver.o(i.Get_submenu_sum)
    HardFault_Handler                        0x0800042f   Thumb Code     2  stm32f10x_it.o(i.HardFault_Handler)
    Key_par_Init                             0x08000431   Thumb Code    10  stm32f103_wegui_4key_port.o(i.Key_par_Init)
    Keysw_det                                0x0800043b   Thumb Code   154  stm32f103_wegui_4key_port.o(i.Keysw_det)
    LCD_Port_Init                            0x080004d5   Thumb Code   366  stm32f103_lcd_hard_4spi_port.o(i.LCD_Port_Init)
    LCD_Refresh                              0x08000651   Thumb Code   242  stm32f103_lcd_hard_4spi_port.o(i.LCD_Refresh)
    LCD_Send_1Dat                            0x0800075d   Thumb Code    44  stm32f103_lcd_hard_4spi_port.o(i.LCD_Send_1Dat)
    LCD_Send_nCmd                            0x08000795   Thumb Code    94  stm32f103_lcd_hard_4spi_port.o(i.LCD_Send_nCmd)
    LCD_delay_ms                             0x08000801   Thumb Code    38  stm32f103_lcd_hard_4spi_port.o(i.LCD_delay_ms)
    LED_Func                                 0x08000829   Thumb Code    40  main.o(i.LED_Func)
    MemManage_Handler                        0x08000855   Thumb Code     2  stm32f10x_it.o(i.MemManage_Handler)
    NMI_Handler                              0x08000857   Thumb Code     2  stm32f10x_it.o(i.NMI_Handler)
    NVIC_Init                                0x08000859   Thumb Code    94  misc.o(i.NVIC_Init)
    OLED_Clear_Box                           0x080008bd   Thumb Code   290  lcd_driver.o(i.OLED_Clear_Box)
    OLED_Clear_GRAM                          0x080009e9   Thumb Code    24  lcd_driver.o(i.OLED_Clear_GRAM)
    OLED_Draw_Ascii                          0x08000a0d   Thumb Code    34  lcd_driver.o(i.OLED_Draw_Ascii)
    OLED_Draw_Bitmap                         0x08000a35   Thumb Code    82  lcd_driver.o(i.OLED_Draw_Bitmap)
    OLED_Draw_Box                            0x08000a87   Thumb Code    52  lcd_driver.o(i.OLED_Draw_Box)
    OLED_Draw_Circel_part                    0x08000abd   Thumb Code   402  lcd_driver.o(i.OLED_Draw_Circel_part)
    OLED_Draw_Line                           0x08000cbd   Thumb Code   200  lcd_driver.o(i.OLED_Draw_Line)
    OLED_Draw_Pixl                           0x08000e19   Thumb Code     6  lcd_driver.o(i.OLED_Draw_Pixl)
    OLED_Draw_RBox                           0x08000e21   Thumb Code   266  lcd_driver.o(i.OLED_Draw_RBox)
    OLED_Draw_UTF8_String                    0x08000f39   Thumb Code   180  lcd_driver.o(i.OLED_Draw_UTF8_String)
    OLED_Draw_Unicode                        0x08000ff1   Thumb Code    72  lcd_driver.o(i.OLED_Draw_Unicode)
    OLED_Fill_Box                            0x080010f9   Thumb Code   286  lcd_driver.o(i.OLED_Fill_Box)
    OLED_Fill_Circel_part                    0x08001221   Thumb Code   470  lcd_driver.o(i.OLED_Fill_Circel_part)
    OLED_Fill_RBox                           0x08001405   Thumb Code   254  lcd_driver.o(i.OLED_Fill_RBox)
    OLED_Fill_value_GRAM                     0x08001511   Thumb Code    32  lcd_driver.o(i.OLED_Fill_value_GRAM)
    OLED_Get_UTF8_XLen                       0x08001535   Thumb Code   134  lcd_driver.o(i.OLED_Get_UTF8_XLen)
    OLED_Get_UTF8_YLine                      0x080015c1   Thumb Code    72  lcd_driver.o(i.OLED_Get_UTF8_YLine)
    OLED_Set_Driver_Box                      0x08001609   Thumb Code   100  lcd_driver.o(i.OLED_Set_Driver_Box)
    OLED_Set_Driver_Mode                     0x08001671   Thumb Code    78  lcd_driver.o(i.OLED_Set_Driver_Mode)
    OLED_Wegui_Init                          0x080016dd   Thumb Code    60  lcd_wegui_driver.o(i.OLED_Wegui_Init)
    PendSV_Handler                           0x08001725   Thumb Code     2  stm32f10x_it.o(i.PendSV_Handler)
    RCC_ADCCLKConfig                         0x08001729   Thumb Code    14  stm32f10x_rcc.o(i.RCC_ADCCLKConfig)
    RCC_AHBPeriphClockCmd                    0x0800173d   Thumb Code    18  stm32f10x_rcc.o(i.RCC_AHBPeriphClockCmd)
    RCC_APB1PeriphClockCmd                   0x08001755   Thumb Code    18  stm32f10x_rcc.o(i.RCC_APB1PeriphClockCmd)
    RCC_APB2PeriphClockCmd                   0x0800176d   Thumb Code    18  stm32f10x_rcc.o(i.RCC_APB2PeriphClockCmd)
    RCC_GetClocksFreq                        0x08001785   Thumb Code   128  stm32f10x_rcc.o(i.RCC_GetClocksFreq)
    RCC_PCLK2Config                          0x08001815   Thumb Code    16  stm32f10x_rcc.o(i.RCC_PCLK2Config)
    Read_rxRing_buff                         0x08001829   Thumb Code    30  stm32f103_wegui_uart_port.o(i.Read_rxRing_buff)
    SPI_Cmd                                  0x080018e5   Thumb Code    20  stm32f10x_spi.o(i.SPI_Cmd)
    SPI_Init                                 0x080018f9   Thumb Code    56  stm32f10x_spi.o(i.SPI_Init)
    ST7735_Clear                             0x08001931   Thumb Code    46  st7735.o(i.ST7735_Clear)
    ST7735_Init                              0x08001961   Thumb Code   316  st7735.o(i.ST7735_Init)
    ST7735_Set_Addr                          0x08001b09   Thumb Code    98  st7735.o(i.ST7735_Set_Addr)
    ST7735_Set_RGB565_Mode                   0x08001b81   Thumb Code    18  st7735.o(i.ST7735_Set_RGB565_Mode)
    ST7735_Sleep_Out                         0x08001b99   Thumb Code    18  st7735.o(i.ST7735_Sleep_Out)
    ST7735_Soft_Reset                        0x08001bb1   Thumb Code    18  st7735.o(i.ST7735_Soft_Reset)
    SVC_Handler                              0x08001bc9   Thumb Code     2  stm32f10x_it.o(i.SVC_Handler)
    Set_langauge_Chinese                     0x08001c85   Thumb Code    10  lcd_wegui_menu_app.o(i.Set_langauge_Chinese)
    Set_langauge_English                     0x08001c95   Thumb Code    10  lcd_wegui_menu_app.o(i.Set_langauge_English)
    SysTick_Handler                          0x08001ca5   Thumb Code    26  stm32f10x_it.o(i.SysTick_Handler)
    SystemInit                               0x08001cc5   Thumb Code    64  system_stm32f10x.o(i.SystemInit)
    USART2_IRQHandler                        0x08001d15   Thumb Code   134  stm32f103_wegui_uart_port.o(i.USART2_IRQHandler)
    USART_Cmd                                0x08001da5   Thumb Code    20  stm32f10x_usart.o(i.USART_Cmd)
    USART_GetFlagStatus                      0x08001db9   Thumb Code    14  stm32f10x_usart.o(i.USART_GetFlagStatus)
    USART_GetITStatus                        0x08001dc7   Thumb Code    62  stm32f10x_usart.o(i.USART_GetITStatus)
    USART_ITConfig                           0x08001e05   Thumb Code    48  stm32f10x_usart.o(i.USART_ITConfig)
    USART_Init                               0x08001e35   Thumb Code   166  stm32f10x_usart.o(i.USART_Init)
    USART_ReceiveData                        0x08001ee1   Thumb Code     8  stm32f10x_usart.o(i.USART_ReceiveData)
    USART_SendData                           0x08001ee9   Thumb Code     8  stm32f10x_usart.o(i.USART_SendData)
    Uart_Screen_App_Begin                    0x08001ef1   Thumb Code    34  lcd_wegui_menu_app.o(i.Uart_Screen_App_Begin)
    Uart_Screen_App_Loop                     0x08001f1d   Thumb Code     2  lcd_wegui_menu_app.o(i.Uart_Screen_App_Loop)
    Uart_Screen_App_Quit                     0x08001f1f   Thumb Code     2  lcd_wegui_menu_app.o(i.Uart_Screen_App_Quit)
    Uart_Screen_Refresh                      0x08001f21   Thumb Code     2  lcd_wegui_menu_app.o(i.Uart_Screen_Refresh)
    UsageFault_Handler                       0x08001f23   Thumb Code     2  stm32f10x_it.o(i.UsageFault_Handler)
    Wegui_1ms_stick                          0x08001f25   Thumb Code    18  lcd_wegui_driver.o(i.Wegui_1ms_stick)
    Wegui_4key_port_Init                     0x08001f3d   Thumb Code   164  stm32f103_wegui_4key_port.o(i.Wegui_4key_port_Init)
    Wegui_Hello_Word                         0x08001fe9   Thumb Code    12  lcd_wegui_driver.o(i.Wegui_Hello_Word)
    Wegui_Interface_stick                    0x08002015   Thumb Code    34  stm32f103_wegui_4key_port.o(i.Wegui_Interface_stick)
    Wegui_Push_Message_tip                   0x08002279   Thumb Code   116  lcd_wegui_tip.o(i.Wegui_Push_Message_tip)
    Wegui_Push_Slider_tip                    0x080022f5   Thumb Code   140  lcd_wegui_tip.o(i.Wegui_Push_Slider_tip)
    Wegui_Tip_Quit                           0x08002395   Thumb Code    16  lcd_wegui_tip.o(i.Wegui_Tip_Quit)
    Wegui_Tip_Save_andQuit                   0x080023a9   Thumb Code    44  lcd_wegui_tip.o(i.Wegui_Tip_Save_andQuit)
    Wegui_Tip_Value_Add                      0x080023d9   Thumb Code    50  lcd_wegui_tip.o(i.Wegui_Tip_Value_Add)
    Wegui_Tip_Value_Dec                      0x08002411   Thumb Code    50  lcd_wegui_tip.o(i.Wegui_Tip_Value_Dec)
    Wegui_UartSend_1Dat                      0x08002449   Thumb Code    30  stm32f103_wegui_uart_port.o(i.Wegui_UartSend_1Dat)
    Wegui_UartSend_nDat                      0x0800246d   Thumb Code    26  stm32f103_wegui_uart_port.o(i.Wegui_UartSend_nDat)
    Wegui_Uart_Port_Init                     0x08002489   Thumb Code   176  stm32f103_wegui_uart_port.o(i.Wegui_Uart_Port_Init)
    Wegui_enter_menu                         0x08002545   Thumb Code   196  lcd_wegui_driver.o(i.Wegui_enter_menu)
    Wegui_get_string                         0x08002611   Thumb Code     8  lcd_wegui_driver.o(i.Wegui_get_string)
    Wegui_loop_func                          0x08002619   Thumb Code   232  lcd_wegui_driver.o(i.Wegui_loop_func)
    Wegui_mList_Init                         0x08002709   Thumb Code    68  lcd_wegui_menu_mlist.o(i.Wegui_mList_Init)
    Wegui_mlist_Back_menu                    0x08002755   Thumb Code    36  lcd_wegui_menu_mlist.o(i.Wegui_mlist_Back_menu)
    Wegui_mlist_Enter_cursor                 0x08002781   Thumb Code   136  lcd_wegui_menu_mlist.o(i.Wegui_mlist_Enter_cursor)
    Wegui_mlist_cursor_Next                  0x08002811   Thumb Code    24  lcd_wegui_menu_mlist.o(i.Wegui_mlist_cursor_Next)
    Wegui_mlist_cursor_Prev                  0x08002831   Thumb Code    14  lcd_wegui_menu_mlist.o(i.Wegui_mlist_cursor_Prev)
    Wegui_show_mList                         0x08002845   Thumb Code  1228  lcd_wegui_menu_mlist.o(i.Wegui_show_mList)
    Wegui_show_tip                           0x08002d11   Thumb Code   676  lcd_wegui_tip.o(i.Wegui_show_tip)
    Wegui_uart_rx_stick                      0x08003381   Thumb Code    72  stm32f103_wegui_uart_port.o(i.Wegui_uart_rx_stick)
    Write_rxRing                             0x080034d1   Thumb Code    40  stm32f103_wegui_uart_port.o(i.Write_rxRing)
    __scatterload_copy                       0x080034fd   Thumb Code    14  handlers.o(i.__scatterload_copy)
    __scatterload_null                       0x0800350b   Thumb Code     2  handlers.o(i.__scatterload_null)
    __scatterload_zeroinit                   0x0800350d   Thumb Code    14  handlers.o(i.__scatterload_zeroinit)
    itoa                                     0x0800351d   Thumb Code   112  lcd_wegui_driver.o(i.itoa)
    lcd_driver_Init                          0x080035b5   Thumb Code    62  lcd_driver.o(i.lcd_driver_Init)
    m_wDemo_wMessage_ADC_func                0x0800371d   Thumb Code    24  lcd_wegui_menu_app.o(i.m_wDemo_wMessage_ADC_func)
    m_wDemo_wMessage_Pres2_func              0x08003741   Thumb Code    58  lcd_wegui_menu_app.o(i.m_wDemo_wMessage_Pres2_func)
    m_wDemo_wMessage_Pres_func               0x0800378d   Thumb Code    24  lcd_wegui_menu_app.o(i.m_wDemo_wMessage_Pres_func)
    main                                     0x080037b1   Thumb Code    66  main.o(i.main)
    rxRing_par_Init                          0x08003801   Thumb Code    12  stm32f103_wegui_uart_port.o(i.rxRing_par_Init)
    startup_init                             0x08003811   Thumb Code   256  main.o(i.startup_init)
    update_Wegui_screen_brightness           0x0800392d   Thumb Code     2  lcd_wegui_menu_app.o(i.update_Wegui_screen_brightness)
    ascii_SongTi_6X12                        0x08003938   Data          12  lcd_res.o(.constdata)
    SongTi_UTF8_12X12                        0x08003944   Data          12  lcd_res.o(.constdata)
    welcom                                   0x08003950   Data           8  lcd_wegui_menu_app.o(.constdata)
    Region$$Table$$Base                      0x08004b34   Number         0  anon$$obj.o(Region$$Table)
    Region$$Table$$Limit                     0x08004b54   Number         0  anon$$obj.o(Region$$Table)
    adc_en                                   0x20000014   Data           1  main.o(.data)
    ResADC                                   0x20000016   Data           2  main.o(.data)
    sys1ms_stick                             0x20000018   Data           1  stm32f10x_it.o(.data)
    sys1ms_delay                             0x2000001c   Data           4  stm32f10x_it.o(.data)
    SystemCoreClock                          0x20000020   Data           4  system_stm32f10x.o(.data)
    AHBPrescTable                            0x20000024   Data          16  system_stm32f10x.o(.data)
    key_left                                 0x20000034   Data           6  stm32f103_wegui_4key_port.o(.data)
    key_right                                0x2000003a   Data           6  stm32f103_wegui_4key_port.o(.data)
    key_up                                   0x20000040   Data           6  stm32f103_wegui_4key_port.o(.data)
    key_down                                 0x20000046   Data           6  stm32f103_wegui_4key_port.o(.data)
    irq_rx_state                             0x2000004d   Data           1  stm32f103_wegui_uart_port.o(.data)
    uart_rx_time_out                         0x2000004e   Data           1  stm32f103_wegui_uart_port.o(.data)
    uart_rx_wait_deal_task                   0x2000004f   Data           1  stm32f103_wegui_uart_port.o(.data)
    Wegui_stick                              0x20000058   Data           2  lcd_wegui_driver.o(.data)
    m_main                                   0x2000007c   Data          56  user_wegui_menu.o(.data)
    m_App_Game                               0x200000b4   Data          56  user_wegui_menu.o(.data)
    m_App_ThemeClock                         0x200000ec   Data          56  user_wegui_menu.o(.data)
    m_App_UartScreen                         0x20000124   Data          56  user_wegui_menu.o(.data)
    m_App_Uart_Debuger                       0x2000015c   Data          56  user_wegui_menu.o(.data)
    m_App_Files                              0x20000194   Data          56  user_wegui_menu.o(.data)
    m_App_Setting                            0x200001cc   Data          56  user_wegui_menu.o(.data)
    m_wDemo                                  0x20000204   Data          56  user_wegui_menu.o(.data)
    m_App_8                                  0x2000023c   Data          56  user_wegui_menu.o(.data)
    m_App_9                                  0x20000274   Data          56  user_wegui_menu.o(.data)
    m_App_10                                 0x200002ac   Data          56  user_wegui_menu.o(.data)
    m_App_11                                 0x200002e4   Data          56  user_wegui_menu.o(.data)
    m_App_12                                 0x2000031c   Data          56  user_wegui_menu.o(.data)
    m_App_13                                 0x20000354   Data          56  user_wegui_menu.o(.data)
    m_wDemo_wMessage_Tip                     0x2000038c   Data          56  user_wegui_menu.o(.data)
    m_wDemo_wCheckbox                        0x200003c4   Data          56  user_wegui_menu.o(.data)
    m_wDemo_wMessage_ADC                     0x200003fc   Data          56  user_wegui_menu.o(.data)
    m_wDemo_wMessage_Pres                    0x20000434   Data          56  user_wegui_menu.o(.data)
    m_wDemo_wMessage_Pres2                   0x2000046c   Data          56  user_wegui_menu.o(.data)
    slider_demo_value                        0x200004a4   Data           2  user_wegui_menu.o(.data)
    m_wDemo_wSlider1                         0x200004a8   Data          56  user_wegui_menu.o(.data)
    m_wDemo_wSlider2                         0x200004e0   Data          56  user_wegui_menu.o(.data)
    m_Setting_Display                        0x20000518   Data          56  user_wegui_menu.o(.data)
    m_Setting_Time                           0x20000550   Data          56  user_wegui_menu.o(.data)
    m_Setting_Speaker                        0x20000588   Data          56  user_wegui_menu.o(.data)
    m_Setting_UI                             0x200005c0   Data          56  user_wegui_menu.o(.data)
    m_Setting_Langauge                       0x200005f8   Data          56  user_wegui_menu.o(.data)
    m_Setting_Developer                      0x20000630   Data          56  user_wegui_menu.o(.data)
    m_Setting_About                          0x20000668   Data          56  user_wegui_menu.o(.data)
    m_Setting_Langauge_English               0x200006a0   Data          56  user_wegui_menu.o(.data)
    m_Setting_Langauge_Chinese               0x200006d8   Data          56  user_wegui_menu.o(.data)
    m_Setting_Display_Brightness             0x20000710   Data          56  user_wegui_menu.o(.data)
    m_Setting_Display_ScreenFPS              0x20000748   Data          56  user_wegui_menu.o(.data)
    m_Setting_UI_Speed                       0x20000780   Data          56  user_wegui_menu.o(.data)
    m_Setting_Display_InvertColors           0x200007b8   Data          56  user_wegui_menu.o(.data)
    rxRing                                   0x20000840   Data          70  stm32f103_wegui_uart_port.o(.bss)
    lcd_driver                               0x20000888   Data        2592  lcd_driver.o(.bss)
    Wegui                                    0x200012a8   Data          60  lcd_wegui_driver.o(.bss)
    mList_par                                0x200012e4   Data          24  lcd_wegui_menu_mlist.o(.bss)
    __initial_sp                             0x20001700   Data           0  startup_stm32f10x_md.o(STACK)



==============================================================================

Memory Map of the image

  Image Entry point : 0x080000ed

  Load Region LR_IROM1 (Base: 0x08000000, Size: 0x00005344, Max: 0x00010000, ABSOLUTE, COMPRESSED[0x00004e0c])

    Execution Region ER_IROM1 (Exec base: 0x08000000, Load base: 0x08000000, Size: 0x00004b54, Max: 0x00010000, ABSOLUTE)

    Exec Addr    Load Addr    Size         Type   Attr      Idx    E Section Name        Object

    0x08000000   0x08000000   0x000000ec   Data   RO           19    RESET               startup_stm32f10x_md.o
    0x080000ec   0x080000ec   0x00000000   Code   RO         5088  * .ARM.Collect$$$$00000000  mc_w.l(entry.o)
    0x080000ec   0x080000ec   0x00000004   Code   RO         5095    .ARM.Collect$$$$00000001  mc_w.l(entry2.o)
    0x080000f0   0x080000f0   0x00000004   Code   RO         5098    .ARM.Collect$$$$00000004  mc_w.l(entry5.o)
    0x080000f4   0x080000f4   0x00000000   Code   RO         5100    .ARM.Collect$$$$00000008  mc_w.l(entry7b.o)
    0x080000f4   0x080000f4   0x00000000   Code   RO         5102    .ARM.Collect$$$$0000000A  mc_w.l(entry8b.o)
    0x080000f4   0x080000f4   0x00000008   Code   RO         5103    .ARM.Collect$$$$0000000B  mc_w.l(entry9a.o)
    0x080000fc   0x080000fc   0x00000004   Code   RO         5110    .ARM.Collect$$$$0000000E  mc_w.l(entry12b.o)
    0x08000100   0x08000100   0x00000000   Code   RO         5105    .ARM.Collect$$$$0000000F  mc_w.l(entry10a.o)
    0x08000100   0x08000100   0x00000000   Code   RO         5107    .ARM.Collect$$$$00000011  mc_w.l(entry11a.o)
    0x08000100   0x08000100   0x00000004   Code   RO         5096    .ARM.Collect$$$$00002712  mc_w.l(entry2.o)
    0x08000104   0x08000104   0x00000024   Code   RO           20    .text               startup_stm32f10x_md.o
    0x08000128   0x08000128   0x00000024   Code   RO         5091    .text               mc_w.l(memcpya.o)
    0x0800014c   0x0800014c   0x00000024   Code   RO         5111    .text               mc_w.l(init.o)
    0x08000170   0x08000170   0x00000056   Code   RO         5121    .text               mc_w.l(__dczerorl2.o)
    0x080001c6   0x080001c6   0x00000014   Code   RO          149    i.ADC_Cmd           stm32f10x_adc.o
    0x080001da   0x080001da   0x0000000e   Code   RO          157    i.ADC_GetCalibrationStatus  stm32f10x_adc.o
    0x080001e8   0x080001e8   0x00000006   Code   RO          158    i.ADC_GetConversionValue  stm32f10x_adc.o
    0x080001ee   0x080001ee   0x0000000e   Code   RO          163    i.ADC_GetResetCalibrationStatus  stm32f10x_adc.o
    0x080001fc   0x080001fc   0x00000048   Code   RO          167    i.ADC_Init          stm32f10x_adc.o
    0x08000244   0x08000244   0x00000074   Code   RO          171    i.ADC_RegularChannelConfig  stm32f10x_adc.o
    0x080002b8   0x080002b8   0x0000000a   Code   RO          172    i.ADC_ResetCalibration  stm32f10x_adc.o
    0x080002c2   0x080002c2   0x00000014   Code   RO          174    i.ADC_SoftwareStartConvCmd  stm32f10x_adc.o
    0x080002d6   0x080002d6   0x0000000a   Code   RO          176    i.ADC_StartCalibration  stm32f10x_adc.o
    0x080002e0   0x080002e0   0x00000002   Code   RO         3142    i.BusFault_Handler  stm32f10x_it.o
    0x080002e2   0x080002e2   0x00000002   Code   RO         3143    i.DebugMon_Handler  stm32f10x_it.o
    0x080002e4   0x080002e4   0x000000a2   Code   RO         1256    i.GPIO_Init         stm32f10x_gpio.o
    0x08000386   0x08000386   0x00000002   PAD
    0x08000388   0x08000388   0x00000058   Code   RO         1258    i.GPIO_PinRemapConfig  stm32f10x_gpio.o
    0x080003e0   0x080003e0   0x0000000e   Code   RO         1260    i.GPIO_ReadInputDataBit  stm32f10x_gpio.o
    0x080003ee   0x080003ee   0x0000000e   Code   RO         1262    i.GPIO_ReadOutputDataBit  stm32f10x_gpio.o
    0x080003fc   0x080003fc   0x00000004   Code   RO         1263    i.GPIO_ResetBits    stm32f10x_gpio.o
    0x08000400   0x08000400   0x00000004   Code   RO         1264    i.GPIO_SetBits      stm32f10x_gpio.o
    0x08000404   0x08000404   0x0000000c   Code   RO         3434    i.Get_rxRing_len    stm32f103_wegui_uart_port.o
    0x08000410   0x08000410   0x0000001e   Code   RO         4735    i.Get_submenu_sum   lcd_wegui_driver.o
    0x0800042e   0x0800042e   0x00000002   Code   RO         3144    i.HardFault_Handler  stm32f10x_it.o
    0x08000430   0x08000430   0x0000000a   Code   RO         3356    i.Key_par_Init      stm32f103_wegui_4key_port.o
    0x0800043a   0x0800043a   0x0000009a   Code   RO         3357    i.Keysw_det         stm32f103_wegui_4key_port.o
    0x080004d4   0x080004d4   0x0000017c   Code   RO         3258    i.LCD_Port_Init     stm32f103_lcd_hard_4spi_port.o
    0x08000650   0x08000650   0x0000010c   Code   RO         3259    i.LCD_Refresh       stm32f103_lcd_hard_4spi_port.o
    0x0800075c   0x0800075c   0x00000038   Code   RO         3261    i.LCD_Send_1Dat     stm32f103_lcd_hard_4spi_port.o
    0x08000794   0x08000794   0x0000006c   Code   RO         3262    i.LCD_Send_nCmd     stm32f103_lcd_hard_4spi_port.o
    0x08000800   0x08000800   0x00000026   Code   RO         3264    i.LCD_delay_ms      stm32f103_lcd_hard_4spi_port.o
    0x08000826   0x08000826   0x00000002   PAD
    0x08000828   0x08000828   0x0000002c   Code   RO         3056    i.LED_Func          main.o
    0x08000854   0x08000854   0x00000002   Code   RO         3145    i.MemManage_Handler  stm32f10x_it.o
    0x08000856   0x08000856   0x00000002   Code   RO         3146    i.NMI_Handler       stm32f10x_it.o
    0x08000858   0x08000858   0x00000064   Code   RO           24    i.NVIC_Init         misc.o
    0x080008bc   0x080008bc   0x0000012c   Code   RO         3514    i.OLED_Clear_Box    lcd_driver.o
    0x080009e8   0x080009e8   0x00000024   Code   RO         3515    i.OLED_Clear_GRAM   lcd_driver.o
    0x08000a0c   0x08000a0c   0x00000028   Code   RO         3516    i.OLED_Draw_Ascii   lcd_driver.o
    0x08000a34   0x08000a34   0x00000052   Code   RO         3517    i.OLED_Draw_Bitmap  lcd_driver.o
    0x08000a86   0x08000a86   0x00000034   Code   RO         3518    i.OLED_Draw_Box     lcd_driver.o
    0x08000aba   0x08000aba   0x00000002   PAD
    0x08000abc   0x08000abc   0x000001a0   Code   RO         3519    i.OLED_Draw_Circel_part  lcd_driver.o
    0x08000c5c   0x08000c5c   0x00000060   Code   RO         3520    i.OLED_Draw_HLine   lcd_driver.o
    0x08000cbc   0x08000cbc   0x000000c8   Code   RO         3521    i.OLED_Draw_Line    lcd_driver.o
    0x08000d84   0x08000d84   0x00000094   Code   RO         3522    i.OLED_Draw_One_Byte  lcd_driver.o
    0x08000e18   0x08000e18   0x00000006   Code   RO         3523    i.OLED_Draw_Pixl    lcd_driver.o
    0x08000e1e   0x08000e1e   0x00000002   PAD
    0x08000e20   0x08000e20   0x00000118   Code   RO         3524    i.OLED_Draw_RBox    lcd_driver.o
    0x08000f38   0x08000f38   0x000000b8   Code   RO         3525    i.OLED_Draw_UTF8_String  lcd_driver.o
    0x08000ff0   0x08000ff0   0x0000004c   Code   RO         3526    i.OLED_Draw_Unicode  lcd_driver.o
    0x0800103c   0x0800103c   0x000000bc   Code   RO         3527    i.OLED_Draw_VLine   lcd_driver.o
    0x080010f8   0x080010f8   0x00000128   Code   RO         3529    i.OLED_Fill_Box     lcd_driver.o
    0x08001220   0x08001220   0x000001e4   Code   RO         3530    i.OLED_Fill_Circel_part  lcd_driver.o
    0x08001404   0x08001404   0x0000010c   Code   RO         3531    i.OLED_Fill_RBox    lcd_driver.o
    0x08001510   0x08001510   0x00000024   Code   RO         3532    i.OLED_Fill_value_GRAM  lcd_driver.o
    0x08001534   0x08001534   0x0000008c   Code   RO         3533    i.OLED_Get_UTF8_XLen  lcd_driver.o
    0x080015c0   0x080015c0   0x00000048   Code   RO         3534    i.OLED_Get_UTF8_YLine  lcd_driver.o
    0x08001608   0x08001608   0x00000068   Code   RO         3535    i.OLED_Set_Driver_Box  lcd_driver.o
    0x08001670   0x08001670   0x0000006c   Code   RO         3536    i.OLED_Set_Driver_Mode  lcd_driver.o
    0x080016dc   0x080016dc   0x00000048   Code   RO         4736    i.OLED_Wegui_Init   lcd_wegui_driver.o
    0x08001724   0x08001724   0x00000002   Code   RO         3147    i.PendSV_Handler    stm32f10x_it.o
    0x08001726   0x08001726   0x00000002   PAD
    0x08001728   0x08001728   0x00000014   Code   RO         1670    i.RCC_ADCCLKConfig  stm32f10x_rcc.o
    0x0800173c   0x0800173c   0x00000018   Code   RO         1671    i.RCC_AHBPeriphClockCmd  stm32f10x_rcc.o
    0x08001754   0x08001754   0x00000018   Code   RO         1672    i.RCC_APB1PeriphClockCmd  stm32f10x_rcc.o
    0x0800176c   0x0800176c   0x00000018   Code   RO         1674    i.RCC_APB2PeriphClockCmd  stm32f10x_rcc.o
    0x08001784   0x08001784   0x00000090   Code   RO         1682    i.RCC_GetClocksFreq  stm32f10x_rcc.o
    0x08001814   0x08001814   0x00000014   Code   RO         1694    i.RCC_PCLK2Config   stm32f10x_rcc.o
    0x08001828   0x08001828   0x00000024   Code   RO         3435    i.Read_rxRing_buff  stm32f103_wegui_uart_port.o
    0x0800184c   0x0800184c   0x00000054   Code   RO         4737    i.Reflash_CpuLoad   lcd_wegui_driver.o
    0x080018a0   0x080018a0   0x00000044   Code   RO         4738    i.Reflash_fps       lcd_wegui_driver.o
    0x080018e4   0x080018e4   0x00000014   Code   RO         2683    i.SPI_Cmd           stm32f10x_spi.o
    0x080018f8   0x080018f8   0x00000038   Code   RO         2696    i.SPI_Init          stm32f10x_spi.o
    0x08001930   0x08001930   0x0000002e   Code   RO         4106    i.ST7735_Clear      st7735.o
    0x0800195e   0x0800195e   0x00000002   PAD
    0x08001960   0x08001960   0x000001a8   Code   RO         4111    i.ST7735_Init       st7735.o
    0x08001b08   0x08001b08   0x00000078   Code   RO         4116    i.ST7735_Set_Addr   st7735.o
    0x08001b80   0x08001b80   0x00000018   Code   RO         4118    i.ST7735_Set_RGB565_Mode  st7735.o
    0x08001b98   0x08001b98   0x00000018   Code   RO         4121    i.ST7735_Sleep_Out  st7735.o
    0x08001bb0   0x08001bb0   0x00000018   Code   RO         4122    i.ST7735_Soft_Reset  st7735.o
    0x08001bc8   0x08001bc8   0x00000002   Code   RO         3148    i.SVC_Handler       stm32f10x_it.o
    0x08001bca   0x08001bca   0x00000002   PAD
    0x08001bcc   0x08001bcc   0x000000a8   Code   RO         3215    i.SetSysClockTo72   system_stm32f10x.o
    0x08001c74   0x08001c74   0x00000010   Code   RO         3265    i.Set_SPI_DataSize_8b  stm32f103_lcd_hard_4spi_port.o
    0x08001c84   0x08001c84   0x00000010   Code   RO         4818    i.Set_langauge_Chinese  lcd_wegui_menu_app.o
    0x08001c94   0x08001c94   0x00000010   Code   RO         4819    i.Set_langauge_English  lcd_wegui_menu_app.o
    0x08001ca4   0x08001ca4   0x00000020   Code   RO         3149    i.SysTick_Handler   stm32f10x_it.o
    0x08001cc4   0x08001cc4   0x00000050   Code   RO         3217    i.SystemInit        system_stm32f10x.o
    0x08001d14   0x08001d14   0x00000090   Code   RO         3436    i.USART2_IRQHandler  stm32f103_wegui_uart_port.o
    0x08001da4   0x08001da4   0x00000014   Code   RO         2880    i.USART_Cmd         stm32f10x_usart.o
    0x08001db8   0x08001db8   0x0000000e   Code   RO         2883    i.USART_GetFlagStatus  stm32f10x_usart.o
    0x08001dc6   0x08001dc6   0x0000003e   Code   RO         2884    i.USART_GetITStatus  stm32f10x_usart.o
    0x08001e04   0x08001e04   0x00000030   Code   RO         2886    i.USART_ITConfig    stm32f10x_usart.o
    0x08001e34   0x08001e34   0x000000ac   Code   RO         2887    i.USART_Init        stm32f10x_usart.o
    0x08001ee0   0x08001ee0   0x00000008   Code   RO         2894    i.USART_ReceiveData  stm32f10x_usart.o
    0x08001ee8   0x08001ee8   0x00000008   Code   RO         2897    i.USART_SendData    stm32f10x_usart.o
    0x08001ef0   0x08001ef0   0x0000002c   Code   RO         4820    i.Uart_Screen_App_Begin  lcd_wegui_menu_app.o
    0x08001f1c   0x08001f1c   0x00000002   Code   RO         4821    i.Uart_Screen_App_Loop  lcd_wegui_menu_app.o
    0x08001f1e   0x08001f1e   0x00000002   Code   RO         4822    i.Uart_Screen_App_Quit  lcd_wegui_menu_app.o
    0x08001f20   0x08001f20   0x00000002   Code   RO         4823    i.Uart_Screen_Refresh  lcd_wegui_menu_app.o
    0x08001f22   0x08001f22   0x00000002   Code   RO         3150    i.UsageFault_Handler  stm32f10x_it.o
    0x08001f24   0x08001f24   0x00000018   Code   RO         4739    i.Wegui_1ms_stick   lcd_wegui_driver.o
    0x08001f3c   0x08001f3c   0x000000ac   Code   RO         3358    i.Wegui_4key_port_Init  stm32f103_wegui_4key_port.o
    0x08001fe8   0x08001fe8   0x0000002c   Code   RO         4740    i.Wegui_Hello_Word  lcd_wegui_driver.o
    0x08002014   0x08002014   0x00000022   Code   RO         3359    i.Wegui_Interface_stick  stm32f103_wegui_4key_port.o
    0x08002036   0x08002036   0x00000002   PAD
    0x08002038   0x08002038   0x00000088   Code   RO         3360    i.Wegui_Key_Down    stm32f103_wegui_4key_port.o
    0x080020c0   0x080020c0   0x0000008c   Code   RO         3361    i.Wegui_Key_Left    stm32f103_wegui_4key_port.o
    0x0800214c   0x0800214c   0x00000098   Code   RO         3362    i.Wegui_Key_Right   stm32f103_wegui_4key_port.o
    0x080021e4   0x080021e4   0x00000094   Code   RO         3363    i.Wegui_Key_Up      stm32f103_wegui_4key_port.o
    0x08002278   0x08002278   0x0000007c   Code   RO         5036    i.Wegui_Push_Message_tip  lcd_wegui_tip.o
    0x080022f4   0x080022f4   0x000000a0   Code   RO         5037    i.Wegui_Push_Slider_tip  lcd_wegui_tip.o
    0x08002394   0x08002394   0x00000014   Code   RO         5038    i.Wegui_Tip_Quit    lcd_wegui_tip.o
    0x080023a8   0x080023a8   0x00000030   Code   RO         5039    i.Wegui_Tip_Save_andQuit  lcd_wegui_tip.o
    0x080023d8   0x080023d8   0x00000038   Code   RO         5040    i.Wegui_Tip_Value_Add  lcd_wegui_tip.o
    0x08002410   0x08002410   0x00000038   Code   RO         5041    i.Wegui_Tip_Value_Dec  lcd_wegui_tip.o
    0x08002448   0x08002448   0x00000024   Code   RO         3437    i.Wegui_UartSend_1Dat  stm32f103_wegui_uart_port.o
    0x0800246c   0x0800246c   0x0000001a   Code   RO         3438    i.Wegui_UartSend_nDat  stm32f103_wegui_uart_port.o
    0x08002486   0x08002486   0x00000002   PAD
    0x08002488   0x08002488   0x000000bc   Code   RO         3439    i.Wegui_Uart_Port_Init  stm32f103_wegui_uart_port.o
    0x08002544   0x08002544   0x000000cc   Code   RO         4741    i.Wegui_enter_menu  lcd_wegui_driver.o
    0x08002610   0x08002610   0x00000008   Code   RO         4742    i.Wegui_get_string  lcd_wegui_driver.o
    0x08002618   0x08002618   0x000000f0   Code   RO         4743    i.Wegui_loop_func   lcd_wegui_driver.o
    0x08002708   0x08002708   0x0000004c   Code   RO         4984    i.Wegui_mList_Init  lcd_wegui_menu_mlist.o
    0x08002754   0x08002754   0x0000002c   Code   RO         4985    i.Wegui_mlist_Back_menu  lcd_wegui_menu_mlist.o
    0x08002780   0x08002780   0x00000090   Code   RO         4986    i.Wegui_mlist_Enter_cursor  lcd_wegui_menu_mlist.o
    0x08002810   0x08002810   0x00000020   Code   RO         4987    i.Wegui_mlist_cursor_Next  lcd_wegui_menu_mlist.o
    0x08002830   0x08002830   0x00000014   Code   RO         4988    i.Wegui_mlist_cursor_Prev  lcd_wegui_menu_mlist.o
    0x08002844   0x08002844   0x000004cc   Code   RO         4989    i.Wegui_show_mList  lcd_wegui_menu_mlist.o
    0x08002d10   0x08002d10   0x000002a8   Code   RO         5042    i.Wegui_show_tip    lcd_wegui_tip.o
    0x08002fb8   0x08002fb8   0x000003c8   Code   RO         3440    i.Wegui_uart_rx_default_func  stm32f103_wegui_uart_port.o
    0x08003380   0x08003380   0x0000004c   Code   RO         3441    i.Wegui_uart_rx_stick  stm32f103_wegui_uart_port.o
    0x080033cc   0x080033cc   0x00000104   Code   RO         4744    i.Wegui_update_info  lcd_wegui_driver.o
    0x080034d0   0x080034d0   0x0000002c   Code   RO         3442    i.Write_rxRing      stm32f103_wegui_uart_port.o
    0x080034fc   0x080034fc   0x0000000e   Code   RO         5115    i.__scatterload_copy  mc_w.l(handlers.o)
    0x0800350a   0x0800350a   0x00000002   Code   RO         5116    i.__scatterload_null  mc_w.l(handlers.o)
    0x0800350c   0x0800350c   0x0000000e   Code   RO         5117    i.__scatterload_zeroinit  mc_w.l(handlers.o)
    0x0800351a   0x0800351a   0x00000002   PAD
    0x0800351c   0x0800351c   0x00000098   Code   RO         4745    i.itoa              lcd_wegui_driver.o
    0x080035b4   0x080035b4   0x0000004c   Code   RO         3537    i.lcd_driver_Init   lcd_driver.o
    0x08003600   0x08003600   0x00000014   Code   RO         3538    i.lcd_driver_Write_0  lcd_driver.o
    0x08003614   0x08003614   0x00000048   Code   RO         3539    i.lcd_driver_Write_0_inBox  lcd_driver.o
    0x0800365c   0x0800365c   0x00000014   Code   RO         3540    i.lcd_driver_Write_1  lcd_driver.o
    0x08003670   0x08003670   0x0000004c   Code   RO         3541    i.lcd_driver_Write_1_inBox  lcd_driver.o
    0x080036bc   0x080036bc   0x00000014   Code   RO         3542    i.lcd_driver_Write_inv  lcd_driver.o
    0x080036d0   0x080036d0   0x0000004c   Code   RO         3543    i.lcd_driver_Write_inv_inBox  lcd_driver.o
    0x0800371c   0x0800371c   0x00000024   Code   RO         4824    i.m_wDemo_wMessage_ADC_func  lcd_wegui_menu_app.o
    0x08003740   0x08003740   0x0000004c   Code   RO         4825    i.m_wDemo_wMessage_Pres2_func  lcd_wegui_menu_app.o
    0x0800378c   0x0800378c   0x00000024   Code   RO         4826    i.m_wDemo_wMessage_Pres_func  lcd_wegui_menu_app.o
    0x080037b0   0x080037b0   0x00000050   Code   RO         3059    i.main              main.o
    0x08003800   0x08003800   0x00000010   Code   RO         3444    i.rxRing_par_Init   stm32f103_wegui_uart_port.o
    0x08003810   0x08003810   0x0000011c   Code   RO         3060    i.startup_init      main.o
    0x0800392c   0x0800392c   0x00000002   Code   RO         4827    i.update_Wegui_screen_brightness  lcd_wegui_menu_app.o
    0x0800392e   0x0800392e   0x00000009   Data   RO         3545    .constdata          lcd_driver.o
    0x08003937   0x08003937   0x00000001   PAD
    0x08003938   0x08003938   0x0000000c   Data   RO         3705    .constdata          lcd_res.o
    0x08003944   0x08003944   0x0000000c   Data   RO         3708    .constdata          lcd_res.o
    0x08003950   0x08003950   0x00000028   Data   RO         4828    .constdata          lcd_wegui_menu_app.o
    0x08003978   0x08003978   0x00000047   Data   RO         4829    .conststring        lcd_wegui_menu_app.o
    0x080039bf   0x080039bf   0x00000001   PAD
    0x080039c0   0x080039c0   0x00000015   Data   RO         4898    .conststring        user_wegui_menu.o
    0x080039d5   0x080039d5   0x00000003   PAD
    0x080039d8   0x080039d8   0x00000023   Data   RO         4899    .conststring        user_wegui_menu.o
    0x080039fb   0x080039fb   0x00000001   PAD
    0x080039fc   0x080039fc   0x00000035   Data   RO         4900    .conststring        user_wegui_menu.o
    0x08003a31   0x08003a31   0x00000003   PAD
    0x08003a34   0x08003a34   0x0000003a   Data   RO         4901    .conststring        user_wegui_menu.o
    0x08003a6e   0x08003a6e   0x00000002   PAD
    0x08003a70   0x08003a70   0x0000003e   Data   RO         4902    .conststring        user_wegui_menu.o
    0x08003aae   0x08003aae   0x00000002   PAD
    0x08003ab0   0x08003ab0   0x0000003c   Data   RO         4903    .conststring        user_wegui_menu.o
    0x08003aec   0x08003aec   0x00000027   Data   RO         4904    .conststring        user_wegui_menu.o
    0x08003b13   0x08003b13   0x00000001   PAD
    0x08003b14   0x08003b14   0x00000032   Data   RO         4905    .conststring        user_wegui_menu.o
    0x08003b46   0x08003b46   0x00000002   PAD
    0x08003b48   0x08003b48   0x00000024   Data   RO         4906    .conststring        user_wegui_menu.o
    0x08003b6c   0x08003b6c   0x00000024   Data   RO         4907    .conststring        user_wegui_menu.o
    0x08003b90   0x08003b90   0x00000029   Data   RO         4908    .conststring        user_wegui_menu.o
    0x08003bb9   0x08003bb9   0x00000003   PAD
    0x08003bbc   0x08003bbc   0x00000029   Data   RO         4909    .conststring        user_wegui_menu.o
    0x08003be5   0x08003be5   0x00000003   PAD
    0x08003be8   0x08003be8   0x00000029   Data   RO         4910    .conststring        user_wegui_menu.o
    0x08003c11   0x08003c11   0x00000003   PAD
    0x08003c14   0x08003c14   0x00000029   Data   RO         4911    .conststring        user_wegui_menu.o
    0x08003c3d   0x08003c3d   0x00000003   PAD
    0x08003c40   0x08003c40   0x0000004d   Data   RO         4912    .conststring        user_wegui_menu.o
    0x08003c8d   0x08003c8d   0x00000003   PAD
    0x08003c90   0x08003c90   0x0000000a   Data   RO         4913    .conststring        user_wegui_menu.o
    0x08003c9a   0x08003c9a   0x00000002   PAD
    0x08003c9c   0x08003c9c   0x00000036   Data   RO         4914    .conststring        user_wegui_menu.o
    0x08003cd2   0x08003cd2   0x00000002   PAD
    0x08003cd4   0x08003cd4   0x00000018   Data   RO         4915    .conststring        user_wegui_menu.o
    0x08003cec   0x08003cec   0x00000010   Data   RO         4917    .conststring        user_wegui_menu.o
    0x08003cfc   0x08003cfc   0x00000025   Data   RO         4918    .conststring        user_wegui_menu.o
    0x08003d21   0x08003d21   0x00000003   PAD
    0x08003d24   0x08003d24   0x00000027   Data   RO         4919    .conststring        user_wegui_menu.o
    0x08003d4b   0x08003d4b   0x00000001   PAD
    0x08003d4c   0x08003d4c   0x0000002f   Data   RO         4920    .conststring        user_wegui_menu.o
    0x08003d7b   0x08003d7b   0x00000001   PAD
    0x08003d7c   0x08003d7c   0x00000027   Data   RO         4921    .conststring        user_wegui_menu.o
    0x08003da3   0x08003da3   0x00000001   PAD
    0x08003da4   0x08003da4   0x0000002e   Data   RO         4922    .conststring        user_wegui_menu.o
    0x08003dd2   0x08003dd2   0x00000002   PAD
    0x08003dd4   0x08003dd4   0x00000039   Data   RO         4923    .conststring        user_wegui_menu.o
    0x08003e0d   0x08003e0d   0x00000003   PAD
    0x08003e10   0x08003e10   0x0000003c   Data   RO         4924    .conststring        user_wegui_menu.o
    0x08003e4c   0x08003e4c   0x00000023   Data   RO         4925    .conststring        user_wegui_menu.o
    0x08003e6f   0x08003e6f   0x00000001   PAD
    0x08003e70   0x08003e70   0x0000002a   Data   RO         4926    .conststring        user_wegui_menu.o
    0x08003e9a   0x08003e9a   0x00000002   PAD
    0x08003e9c   0x08003e9c   0x00000035   Data   RO         4927    .conststring        user_wegui_menu.o
    0x08003ed1   0x08003ed1   0x00000003   PAD
    0x08003ed4   0x08003ed4   0x0000002a   Data   RO         4928    .conststring        user_wegui_menu.o
    0x08003efe   0x08003efe   0x00000002   PAD
    0x08003f00   0x08003f00   0x00000043   Data   RO         4929    .conststring        user_wegui_menu.o
    0x08003f43   0x08003f43   0x00000001   PAD
    0x08003f44   0x08003f44   0x00000036   Data   RO         4930    .conststring        user_wegui_menu.o
    0x08003f7a   0x08003f7a   0x00000002   PAD
    0x08003f7c   0x08003f7c   0x00000035   Data   RO         4931    .conststring        user_wegui_menu.o
    0x08003fb1   0x08003fb1   0x00000003   PAD
    0x08003fb4   0x08003fb4   0x00000475   Data   RO         3709    .conststrlit        lcd_res.o
    0x08004429   0x08004429   0x00000003   PAD
    0x0800442c   0x0800442c   0x00000705   Data   RO         3712    .conststrlit        lcd_res.o
    0x08004b31   0x08004b31   0x00000003   PAD
    0x08004b34   0x08004b34   0x00000020   Data   RO         5113    Region$$Table       anon$$obj.o


    Execution Region RW_IRAM1 (Exec base: 0x20000000, Load base: 0x08004b54, Size: 0x00001700, Max: 0x00005000, ABSOLUTE, COMPRESSED[0x000002b8])

    Exec Addr    Load Addr    Size         Type   Attr      Idx    E Section Name        Object

    0x20000000   COMPRESSED   0x00000014   Data   RW         1702    .data               stm32f10x_rcc.o
    0x20000014   COMPRESSED   0x00000004   Data   RW         3061    .data               main.o
    0x20000018   COMPRESSED   0x00000008   Data   RW         3151    .data               stm32f10x_it.o
    0x20000020   COMPRESSED   0x00000014   Data   RW         3218    .data               system_stm32f10x.o
    0x20000034   COMPRESSED   0x00000018   Data   RW         3364    .data               stm32f103_wegui_4key_port.o
    0x2000004c   COMPRESSED   0x00000008   Data   RW         3446    .data               stm32f103_wegui_uart_port.o
    0x20000054   COMPRESSED   0x00000016   Data   RW         4747    .data               lcd_wegui_driver.o
    0x2000006a   COMPRESSED   0x0000000f   Data   RW         4830    .data               lcd_wegui_menu_app.o
    0x20000079   COMPRESSED   0x00000003   PAD
    0x2000007c   COMPRESSED   0x00000038   Data   RW         4932    .data               user_wegui_menu.o
    0x200000b4   COMPRESSED   0x00000038   Data   RW         4933    .data               user_wegui_menu.o
    0x200000ec   COMPRESSED   0x00000038   Data   RW         4934    .data               user_wegui_menu.o
    0x20000124   COMPRESSED   0x00000038   Data   RW         4935    .data               user_wegui_menu.o
    0x2000015c   COMPRESSED   0x00000038   Data   RW         4936    .data               user_wegui_menu.o
    0x20000194   COMPRESSED   0x00000038   Data   RW         4937    .data               user_wegui_menu.o
    0x200001cc   COMPRESSED   0x00000038   Data   RW         4938    .data               user_wegui_menu.o
    0x20000204   COMPRESSED   0x00000038   Data   RW         4939    .data               user_wegui_menu.o
    0x2000023c   COMPRESSED   0x00000038   Data   RW         4940    .data               user_wegui_menu.o
    0x20000274   COMPRESSED   0x00000038   Data   RW         4941    .data               user_wegui_menu.o
    0x200002ac   COMPRESSED   0x00000038   Data   RW         4942    .data               user_wegui_menu.o
    0x200002e4   COMPRESSED   0x00000038   Data   RW         4943    .data               user_wegui_menu.o
    0x2000031c   COMPRESSED   0x00000038   Data   RW         4944    .data               user_wegui_menu.o
    0x20000354   COMPRESSED   0x00000038   Data   RW         4945    .data               user_wegui_menu.o
    0x2000038c   COMPRESSED   0x00000038   Data   RW         4946    .data               user_wegui_menu.o
    0x200003c4   COMPRESSED   0x00000038   Data   RW         4947    .data               user_wegui_menu.o
    0x200003fc   COMPRESSED   0x00000038   Data   RW         4948    .data               user_wegui_menu.o
    0x20000434   COMPRESSED   0x00000038   Data   RW         4949    .data               user_wegui_menu.o
    0x2000046c   COMPRESSED   0x00000038   Data   RW         4950    .data               user_wegui_menu.o
    0x200004a4   COMPRESSED   0x00000002   Data   RW         4951    .data               user_wegui_menu.o
    0x200004a6   COMPRESSED   0x00000002   PAD
    0x200004a8   COMPRESSED   0x00000038   Data   RW         4952    .data               user_wegui_menu.o
    0x200004e0   COMPRESSED   0x00000038   Data   RW         4953    .data               user_wegui_menu.o
    0x20000518   COMPRESSED   0x00000038   Data   RW         4954    .data               user_wegui_menu.o
    0x20000550   COMPRESSED   0x00000038   Data   RW         4955    .data               user_wegui_menu.o
    0x20000588   COMPRESSED   0x00000038   Data   RW         4956    .data               user_wegui_menu.o
    0x200005c0   COMPRESSED   0x00000038   Data   RW         4957    .data               user_wegui_menu.o
    0x200005f8   COMPRESSED   0x00000038   Data   RW         4958    .data               user_wegui_menu.o
    0x20000630   COMPRESSED   0x00000038   Data   RW         4959    .data               user_wegui_menu.o
    0x20000668   COMPRESSED   0x00000038   Data   RW         4960    .data               user_wegui_menu.o
    0x200006a0   COMPRESSED   0x00000038   Data   RW         4961    .data               user_wegui_menu.o
    0x200006d8   COMPRESSED   0x00000038   Data   RW         4962    .data               user_wegui_menu.o
    0x20000710   COMPRESSED   0x00000038   Data   RW         4963    .data               user_wegui_menu.o
    0x20000748   COMPRESSED   0x00000038   Data   RW         4964    .data               user_wegui_menu.o
    0x20000780   COMPRESSED   0x00000038   Data   RW         4965    .data               user_wegui_menu.o
    0x200007b8   COMPRESSED   0x00000038   Data   RW         4966    .data               user_wegui_menu.o
    0x200007f0        -       0x00000050   Zero   RW         3266    .bss                stm32f103_lcd_hard_4spi_port.o
    0x20000840        -       0x00000046   Zero   RW         3445    .bss                stm32f103_wegui_uart_port.o
    0x20000886   COMPRESSED   0x00000002   PAD
    0x20000888        -       0x00000a20   Zero   RW         3544    .bss                lcd_driver.o
    0x200012a8        -       0x0000003c   Zero   RW         4746    .bss                lcd_wegui_driver.o
    0x200012e4        -       0x00000018   Zero   RW         4990    .bss                lcd_wegui_menu_mlist.o
    0x200012fc   COMPRESSED   0x00000004   PAD
    0x20001300        -       0x00000400   Zero   RW           17    STACK               startup_stm32f10x_md.o


==============================================================================

Image component sizes


      Code (inc. data)   RO Data    RW Data    ZI Data      Debug   Object Name

         0          0          0          0          0       4620   core_cm3.o
      3972        216          9          0       2592      25412   lcd_driver.o
         0          0       2962          0          0       1445   lcd_res.o
      1186        136          0         22         60      11362   lcd_wegui_driver.o
       232         64        111         15          0       5848   lcd_wegui_menu_app.o
      1544         64          0          0         24       6713   lcd_wegui_menu_mlist.o
      1144         52          0          0          0       5460   lcd_wegui_tip.o
       408         46          0          4          0      19194   main.o
       100          6          0          0          0     245944   misc.o
         0          0          0          0          0       3316   sh1106.o
       662        148          0          0          0       5491   st7735.o
        36          8        236          0       1024        904   startup_stm32f10x_md.o
       866         70          0          0         80       5133   stm32f103_lcd_hard_4spi_port.o
       946         84          0         24          0       7419   stm32f103_wegui_4key_port.o
      1546        220          0          8         70      23845   stm32f103_wegui_uart_port.o
       282         10          0          0          0       8013   stm32f10x_adc.o
       286          6          0          0          0       5439   stm32f10x_gpio.o
        48          6          0          8          0       4510   stm32f10x_it.o
       256         44          0         20          0       6595   stm32f10x_rcc.o
        76          0          0          0          0       2421   stm32f10x_spi.o
       332          6          0          0          0       6705   stm32f10x_usart.o
       248         24          0         20          0       1925   system_stm32f10x.o
         0          0       1466       1906          0       1992   user_wegui_menu.o

    ----------------------------------------------------------------------
     14188       1210       4882       2032       3856     409706   Object Totals
         0          0         32          0          0          0   (incl. Generated)
        18          0         66          5          6          0   (incl. Padding)

    ----------------------------------------------------------------------

      Code (inc. data)   RO Data    RW Data    ZI Data      Debug   Library Member Name

        86          0          0          0          0          0   __dczerorl2.o
         0          0          0          0          0          0   entry.o
         0          0          0          0          0          0   entry10a.o
         0          0          0          0          0          0   entry11a.o
         4          0          0          0          0          0   entry12b.o
         8          4          0          0          0          0   entry2.o
         4          0          0          0          0          0   entry5.o
         0          0          0          0          0          0   entry7b.o
         0          0          0          0          0          0   entry8b.o
         8          4          0          0          0          0   entry9a.o
        30          0          0          0          0          0   handlers.o
        36          8          0          0          0         68   init.o
        36          0          0          0          0         68   memcpya.o

    ----------------------------------------------------------------------
       214         16          0          0          0        136   Library Totals
         2          0          0          0          0          0   (incl. Padding)

    ----------------------------------------------------------------------

      Code (inc. data)   RO Data    RW Data    ZI Data      Debug   Library Name

       212         16          0          0          0        136   mc_w.l

    ----------------------------------------------------------------------
       214         16          0          0          0        136   Library Totals

    ----------------------------------------------------------------------

==============================================================================


      Code (inc. data)   RO Data    RW Data    ZI Data      Debug   

     14402       1226       4882       2032       3856     403158   Grand Totals
     14402       1226       4882        696       3856     403158   ELF Image Totals (compressed)
     14402       1226       4882        696          0          0   ROM Totals

==============================================================================

    Total RO  Size (Code + RO Data)                19284 (  18.83kB)
    Total RW  Size (RW Data + ZI Data)              5888 (   5.75kB)
    Total ROM Size (Code + RO Data + RW Data)      19980 (  19.51kB)

==============================================================================

